../Core/Src/main.c:511:6:StartDefaultTask	8	static
../Core/Src/main.c:529:6:IMU_Task	120	static
../Core/Src/main.c:566:6:Magneto_Task	8	static
../Core/Src/main.c:587:6:ToF_Task	8	static
../Core/Src/main.c:608:6:Baro_Task	8	static
../Core/Src/main.c:629:6:Humidity_Task	8	static
../Core/Src/main.c:268:6:SystemClock_Config	104	static,ignoring_inline_asm
../Core/Src/main.c:145:5:main	56	static,ignoring_inline_asm
../Core/Src/main.c:651:6:HAL_TIM_PeriodElapsedCallback	0	static
../Core/Src/main.c:669:6:Error_Handler	0	static,ignoring_inline_asm
