../Sensors/ToFSensor/vl53l0x/vl53l0x_api_calibration.c:38:15:VL53L0X_perform_xtalk_calibration	72	static
../Sensors/ToFSensor/vl53l0x/vl53l0x_api_calibration.c:168:1:VL53L0X_perform_offset_calibration	64	static
../Sensors/ToFSensor/vl53l0x/vl53l0x_api_calibration.c:256:15:VL53L0X_set_offset_calibration_data_micro_meter	0	static
../Sensors/ToFSensor/vl53l0x/vl53l0x_api_calibration.c:285:15:VL53L0X_get_offset_calibration_data_micro_meter	16	static
../Sensors/ToFSensor/vl53l0x/vl53l0x_api_calibration.c:311:15:VL53L0X_apply_offset_adjustment	24	static
../Sensors/ToFSensor/vl53l0x/vl53l0x_api_calibration.c:349:6:get_next_good_spad	12	static
../Sensors/ToFSensor/vl53l0x/vl53l0x_api_calibration.c:396:9:is_aperture	0	static
../Sensors/ToFSensor/vl53l0x/vl53l0x_api_calibration.c:410:15:enable_spad_bit	4	static
../Sensors/ToFSensor/vl53l0x/vl53l0x_api_calibration.c:427:15:count_enabled_spads	48	static
../Sensors/ToFSensor/vl53l0x/vl53l0x_api_calibration.c:485:15:set_ref_spad_map	0	static
../Sensors/ToFSensor/vl53l0x/vl53l0x_api_calibration.c:492:15:get_ref_spad_map	0	static
../Sensors/ToFSensor/vl53l0x/vl53l0x_api_calibration.c:498:15:enable_ref_spads	64	static
../Sensors/ToFSensor/vl53l0x/vl53l0x_api_calibration.c:563:15:perform_ref_signal_measurement	48	static
../Sensors/ToFSensor/vl53l0x/vl53l0x_api_calibration.c:840:15:VL53L0X_set_reference_spads	56	static
../Sensors/ToFSensor/vl53l0x/vl53l0x_api_calibration.c:899:15:VL53L0X_get_reference_spads	32	static
../Sensors/ToFSensor/vl53l0x/vl53l0x_api_calibration.c:947:15:VL53L0X_perform_single_ref_calibration	8	static
../Sensors/ToFSensor/vl53l0x/vl53l0x_api_calibration.c:968:15:VL53L0X_ref_calibration_io	48	static
../Sensors/ToFSensor/vl53l0x/vl53l0x_api_calibration.c:1001:15:VL53L0X_perform_vhv_calibration	56	static
../Sensors/ToFSensor/vl53l0x/vl53l0x_api_calibration.c:1043:15:VL53L0X_perform_phase_calibration	56	static
../Sensors/ToFSensor/vl53l0x/vl53l0x_api_calibration.c:1085:15:VL53L0X_perform_ref_calibration	56	static
../Sensors/ToFSensor/vl53l0x/vl53l0x_api_calibration.c:607:15:VL53L0X_perform_ref_spad_management	112	static
../Sensors/ToFSensor/vl53l0x/vl53l0x_api_calibration.c:1118:15:VL53L0X_set_ref_calibration	32	static
../Sensors/ToFSensor/vl53l0x/vl53l0x_api_calibration.c:1130:15:VL53L0X_get_ref_calibration	24	static
