Archive member included to satisfy reference by file (symbol)

C:/ST/STM32CubeIDE_1.19.0/STM32CubeIDE/plugins/com.st.stm32cube.ide.mcu.externaltools.gnu-tools-for-stm32.13.3.rel1.win32_1.0.0.202411081344/tools/bin/../lib/gcc/arm-none-eabi/13.3.1/../../../../arm-none-eabi/lib/thumb/v7e-m+fp/hard\libc_nano.a(libc_a-exit.o)
                              C:/ST/STM32CubeIDE_1.19.0/STM32CubeIDE/plugins/com.st.stm32cube.ide.mcu.externaltools.gnu-tools-for-stm32.13.3.rel1.win32_1.0.0.202411081344/tools/bin/../lib/gcc/arm-none-eabi/13.3.1/../../../../arm-none-eabi/lib/thumb/v7e-m+fp/hard/crt0.o (exit)
C:/ST/STM32CubeIDE_1.19.0/STM32CubeIDE/plugins/com.st.stm32cube.ide.mcu.externaltools.gnu-tools-for-stm32.13.3.rel1.win32_1.0.0.202411081344/tools/bin/../lib/gcc/arm-none-eabi/13.3.1/../../../../arm-none-eabi/lib/thumb/v7e-m+fp/hard\libc_nano.a(libc_a-findfp.o)
                              ./Middlewares/Third_Party/FreeRTOS/Source/tasks.o (__sf)
C:/ST/STM32CubeIDE_1.19.0/STM32CubeIDE/plugins/com.st.stm32cube.ide.mcu.externaltools.gnu-tools-for-stm32.13.3.rel1.win32_1.0.0.202411081344/tools/bin/../lib/gcc/arm-none-eabi/13.3.1/../../../../arm-none-eabi/lib/thumb/v7e-m+fp/hard\libc_nano.a(libc_a-fwalk.o)
                              C:/ST/STM32CubeIDE_1.19.0/STM32CubeIDE/plugins/com.st.stm32cube.ide.mcu.externaltools.gnu-tools-for-stm32.13.3.rel1.win32_1.0.0.202411081344/tools/bin/../lib/gcc/arm-none-eabi/13.3.1/../../../../arm-none-eabi/lib/thumb/v7e-m+fp/hard\libc_nano.a(libc_a-findfp.o) (_fwalk_sglue)
C:/ST/STM32CubeIDE_1.19.0/STM32CubeIDE/plugins/com.st.stm32cube.ide.mcu.externaltools.gnu-tools-for-stm32.13.3.rel1.win32_1.0.0.202411081344/tools/bin/../lib/gcc/arm-none-eabi/13.3.1/../../../../arm-none-eabi/lib/thumb/v7e-m+fp/hard\libc_nano.a(libc_a-sprintf.o)
                              ./Middlewares/Third_Party/FreeRTOS/Source/tasks.o (sprintf)
C:/ST/STM32CubeIDE_1.19.0/STM32CubeIDE/plugins/com.st.stm32cube.ide.mcu.externaltools.gnu-tools-for-stm32.13.3.rel1.win32_1.0.0.202411081344/tools/bin/../lib/gcc/arm-none-eabi/13.3.1/../../../../arm-none-eabi/lib/thumb/v7e-m+fp/hard\libc_nano.a(libc_a-stdio.o)
                              C:/ST/STM32CubeIDE_1.19.0/STM32CubeIDE/plugins/com.st.stm32cube.ide.mcu.externaltools.gnu-tools-for-stm32.13.3.rel1.win32_1.0.0.202411081344/tools/bin/../lib/gcc/arm-none-eabi/13.3.1/../../../../arm-none-eabi/lib/thumb/v7e-m+fp/hard\libc_nano.a(libc_a-findfp.o) (__sread)
C:/ST/STM32CubeIDE_1.19.0/STM32CubeIDE/plugins/com.st.stm32cube.ide.mcu.externaltools.gnu-tools-for-stm32.13.3.rel1.win32_1.0.0.202411081344/tools/bin/../lib/gcc/arm-none-eabi/13.3.1/../../../../arm-none-eabi/lib/thumb/v7e-m+fp/hard\libc_nano.a(libc_a-memcmp.o)
                              ./Middlewares/Third_Party/FreeRTOS/Source/tasks.o (memcmp)
C:/ST/STM32CubeIDE_1.19.0/STM32CubeIDE/plugins/com.st.stm32cube.ide.mcu.externaltools.gnu-tools-for-stm32.13.3.rel1.win32_1.0.0.202411081344/tools/bin/../lib/gcc/arm-none-eabi/13.3.1/../../../../arm-none-eabi/lib/thumb/v7e-m+fp/hard\libc_nano.a(libc_a-memset.o)
                              C:/ST/STM32CubeIDE_1.19.0/STM32CubeIDE/plugins/com.st.stm32cube.ide.mcu.externaltools.gnu-tools-for-stm32.13.3.rel1.win32_1.0.0.202411081344/tools/bin/../lib/gcc/arm-none-eabi/13.3.1/../../../../arm-none-eabi/lib/thumb/v7e-m+fp/hard/crt0.o (memset)
C:/ST/STM32CubeIDE_1.19.0/STM32CubeIDE/plugins/com.st.stm32cube.ide.mcu.externaltools.gnu-tools-for-stm32.13.3.rel1.win32_1.0.0.202411081344/tools/bin/../lib/gcc/arm-none-eabi/13.3.1/../../../../arm-none-eabi/lib/thumb/v7e-m+fp/hard\libc_nano.a(libc_a-stpcpy.o)
                              ./Middlewares/Third_Party/FreeRTOS/Source/tasks.o (stpcpy)
C:/ST/STM32CubeIDE_1.19.0/STM32CubeIDE/plugins/com.st.stm32cube.ide.mcu.externaltools.gnu-tools-for-stm32.13.3.rel1.win32_1.0.0.202411081344/tools/bin/../lib/gcc/arm-none-eabi/13.3.1/../../../../arm-none-eabi/lib/thumb/v7e-m+fp/hard\libc_nano.a(libc_a-closer.o)
                              C:/ST/STM32CubeIDE_1.19.0/STM32CubeIDE/plugins/com.st.stm32cube.ide.mcu.externaltools.gnu-tools-for-stm32.13.3.rel1.win32_1.0.0.202411081344/tools/bin/../lib/gcc/arm-none-eabi/13.3.1/../../../../arm-none-eabi/lib/thumb/v7e-m+fp/hard\libc_nano.a(libc_a-stdio.o) (_close_r)
C:/ST/STM32CubeIDE_1.19.0/STM32CubeIDE/plugins/com.st.stm32cube.ide.mcu.externaltools.gnu-tools-for-stm32.13.3.rel1.win32_1.0.0.202411081344/tools/bin/../lib/gcc/arm-none-eabi/13.3.1/../../../../arm-none-eabi/lib/thumb/v7e-m+fp/hard\libc_nano.a(libc_a-reent.o)
                              ./Middlewares/Third_Party/FreeRTOS/Source/tasks.o (_reclaim_reent)
C:/ST/STM32CubeIDE_1.19.0/STM32CubeIDE/plugins/com.st.stm32cube.ide.mcu.externaltools.gnu-tools-for-stm32.13.3.rel1.win32_1.0.0.202411081344/tools/bin/../lib/gcc/arm-none-eabi/13.3.1/../../../../arm-none-eabi/lib/thumb/v7e-m+fp/hard\libc_nano.a(libc_a-impure.o)
                              ./Middlewares/Third_Party/FreeRTOS/Source/tasks.o (_impure_ptr)
[...]
Memory Configuration

Name             Origin             Length             Attributes
RAM              0x20000000         0x000a0000         xrw
RAM2             0x10000000         0x00010000         xrw
RAM3             0x20040000         0x00060000         xrw
FLASH            0x08000000         0x00200000         xr
*default*        0x00000000         0xffffffff

Linker script and memory map

LOAD C:/ST/STM32CubeIDE_1.19.0/STM32CubeIDE/plugins/com.st.stm32cube.ide.mcu.externaltools.gnu-tools-for-stm32.13.3.rel1.win32_1.0.0.202411081344/tools/bin/../lib/gcc/arm-none-eabi/13.3.1/thumb/v7e-m+fp/hard/crti.o
LOAD C:/ST/STM32CubeIDE_1.19.0/STM32CubeIDE/plugins/com.st.stm32cube.ide.mcu.externaltools.gnu-tools-for-stm32.13.3.rel1.win32_1.0.0.202411081344/tools/bin/../lib/gcc/arm-none-eabi/13.3.1/thumb/v7e-m+fp/hard/crtbegin.o
LOAD C:/ST/STM32CubeIDE_1.19.0/STM32CubeIDE/plugins/com.st.stm32cube.ide.mcu.externaltools.gnu-tools-for-stm32.13.3.rel1.win32_1.0.0.202411081344/tools/bin/../lib/gcc/arm-none-eabi/13.3.1/../../../../arm-none-eabi/lib/thumb/v7e-m+fp/hard/crt0.o
LOAD ./Core/Src/freertos.o
LOAD ./Core/Src/main.o
LOAD ./Core/Src/stm32l4xx_hal_msp.o
LOAD ./Core/Src/stm32l4xx_hal_timebase_tim.o
LOAD ./Core/Src/stm32l4xx_it.o
LOAD ./Core/Src/syscalls.o
LOAD ./Core/Src/sysmem.o
LOAD ./Core/Src/system_stm32l4xx.o
LOAD ./Core/Startup/startup_stm32l4s5vitx.o
LOAD ./Drivers/STM32L4xx_HAL_Driver/Src/stm32l4xx_hal.o
LOAD ./Drivers/STM32L4xx_HAL_Driver/Src/stm32l4xx_hal_cortex.o
LOAD ./Drivers/STM32L4xx_HAL_Driver/Src/stm32l4xx_hal_dma.o
LOAD ./Drivers/STM32L4xx_HAL_Driver/Src/stm32l4xx_hal_dma_ex.o
LOAD ./Drivers/STM32L4xx_HAL_Driver/Src/stm32l4xx_hal_exti.o
LOAD ./Drivers/STM32L4xx_HAL_Driver/Src/stm32l4xx_hal_flash.o
LOAD ./Drivers/STM32L4xx_HAL_Driver/Src/stm32l4xx_hal_flash_ex.o
LOAD ./Drivers/STM32L4xx_HAL_Driver/Src/stm32l4xx_hal_flash_ramfunc.o
LOAD ./Drivers/STM32L4xx_HAL_Driver/Src/stm32l4xx_hal_gpio.o
LOAD ./Drivers/STM32L4xx_HAL_Driver/Src/stm32l4xx_hal_i2c.o
LOAD ./Drivers/STM32L4xx_HAL_Driver/Src/stm32l4xx_hal_i2c_ex.o
LOAD ./Drivers/STM32L4xx_HAL_Driver/Src/stm32l4xx_hal_pwr.o
LOAD ./Drivers/STM32L4xx_HAL_Driver/Src/stm32l4xx_hal_pwr_ex.o
LOAD ./Drivers/STM32L4xx_HAL_Driver/Src/stm32l4xx_hal_rcc.o
LOAD ./Drivers/STM32L4xx_HAL_Driver/Src/stm32l4xx_hal_rcc_ex.o
LOAD ./Drivers/STM32L4xx_HAL_Driver/Src/stm32l4xx_hal_tim.o
LOAD ./Drivers/STM32L4xx_HAL_Driver/Src/stm32l4xx_hal_tim_ex.o
LOAD ./Drivers/STM32L4xx_HAL_Driver/Src/stm32l4xx_hal_uart.o
LOAD ./Drivers/STM32L4xx_HAL_Driver/Src/stm32l4xx_hal_uart_ex.o
LOAD ./Filter/filter.o
LOAD ./Middlewares/Third_Party/FreeRTOS/Source/CMSIS_RTOS_V2/cmsis_os2.o
LOAD ./Middlewares/Third_Party/FreeRTOS/Source/croutine.o
LOAD ./Middlewares/Third_Party/FreeRTOS/Source/event_groups.o
LOAD ./Middlewares/Third_Party/FreeRTOS/Source/list.o
LOAD ./Middlewares/Third_Party/FreeRTOS/Source/queue.o
LOAD ./Middlewares/Third_Party/FreeRTOS/Source/stream_buffer.o
LOAD ./Middlewares/Third_Party/FreeRTOS/Source/tasks.o
LOAD ./Middlewares/Third_Party/FreeRTOS/Source/timers.o
LOAD ./Middlewares/Third_Party/FreeRTOS/Source/portable/GCC/ARM_CM4F/port.o
LOAD ./Middlewares/Third_Party/FreeRTOS/Source/portable/MemMang/heap_4.o
LOAD ./Middlewares/Third_Party/Segger/SEGGER_RTT.o
LOAD ./Middlewares/Third_Party/Segger/SEGGER_RTT_ASM_ARMv7M.o
LOAD ./Middlewares/Third_Party/Segger/SEGGER_RTT_Syscalls_GCC.o
LOAD ./Middlewares/Third_Party/Segger/SEGGER_RTT_printf.o
LOAD ./Middlewares/Third_Party/Segger/SEGGER_SYSVIEW.o
LOAD ./Middlewares/Third_Party/Segger/SEGGER_SYSVIEW_Config_FreeRTOS.o
LOAD ./Middlewares/Third_Party/Segger/SEGGER_SYSVIEW_FreeRTOS.o
LOAD ./Sensors/AccelerationSensor/lsm6dsl.o
LOAD ./Sensors/AirPressureSensor/lps22hb.o
LOAD ./Sensors/HumiditySensor/hts221.o
LOAD ./Sensors/MagnetometerSensor/lis3mdl.o
LOAD ./Sensors/ToFSensor/vl53l0x/vl53l0x_api.o
LOAD ./Sensors/ToFSensor/vl53l0x/vl53l0x_api_calibration.o
LOAD ./Sensors/ToFSensor/vl53l0x/vl53l0x_api_core.o
LOAD ./Sensors/ToFSensor/vl53l0x/vl53l0x_api_ranging.o
LOAD ./Sensors/ToFSensor/vl53l0x/vl53l0x_api_strings.o
LOAD ./Sensors/ToFSensor/vl53l0x/vl53l0x_platform_log.o
LOAD ./Sensors/ToFSensor/vl53l0x/vl53l0x_tof.o
LOAD ./Sensors/ToFSensor/vl53l0x.o
START GROUP
LOAD C:/ST/STM32CubeIDE_1.19.0/STM32CubeIDE/plugins/com.st.stm32cube.ide.mcu.externaltools.gnu-tools-for-stm32.13.3.rel1.win32_1.0.0.202411081344/tools/bin/../lib/gcc/arm-none-eabi/13.3.1/../../../../arm-none-eabi/lib/thumb/v7e-m+fp/hard\libc_nano.a
LOAD C:/ST/STM32CubeIDE_1.19.0/STM32CubeIDE/plugins/com.st.stm32cube.ide.mcu.externaltools.gnu-tools-for-stm32.13.3.rel1.win32_1.0.0.202411081344/tools/bin/../lib/gcc/arm-none-eabi/13.3.1/../../../../arm-none-eabi/lib/thumb/v7e-m+fp/hard\libm.a
END GROUP
START GROUP
LOAD C:/ST/STM32CubeIDE_1.19.0/STM32CubeIDE/plugins/com.st.stm32cube.ide.mcu.externaltools.gnu-tools-for-stm32.13.3.rel1.win32_1.0.0.202411081344/tools/bin/../lib/gcc/arm-none-eabi/13.3.1/thumb/v7e-m+fp/hard\libgcc.a
LOAD C:/ST/STM32CubeIDE_1.19.0/STM32CubeIDE/plugins/com.st.stm32cube.ide.mcu.externaltools.gnu-tools-for-stm32.13.3.rel1.win32_1.0.0.202411081344/tools/bin/../lib/gcc/arm-none-eabi/13.3.1/../../../../arm-none-eabi/lib/thumb/v7e-m+fp/hard\libc_nano.a
END GROUP
START GROUP
LOAD C:/ST/STM32CubeIDE_1.19.0/STM32CubeIDE/plugins/com.st.stm32cube.ide.mcu.externaltools.gnu-tools-for-stm32.13.3.rel1.win32_1.0.0.202411081344/tools/bin/../lib/gcc/arm-none-eabi/13.3.1/thumb/v7e-m+fp/hard\libgcc.a
LOAD C:/ST/STM32CubeIDE_1.19.0/STM32CubeIDE/plugins/com.st.stm32cube.ide.mcu.externaltools.gnu-tools-for-stm32.13.3.rel1.win32_1.0.0.202411081344/tools/bin/../lib/gcc/arm-none-eabi/13.3.1/../../../../arm-none-eabi/lib/thumb/v7e-m+fp/hard\libc_nano.a
LOAD C:/ST/STM32CubeIDE_1.19.0/STM32CubeIDE/plugins/com.st.stm32cube.ide.mcu.externaltools.gnu-tools-for-stm32.13.3.rel1.win32_1.0.0.202411081344/tools/bin/../lib/gcc/arm-none-eabi/13.3.1/../../../../arm-none-eabi/lib/thumb/v7e-m+fp/hard\libnosys.a
END GROUP
START GROUP
LOAD C:/ST/STM32CubeIDE_1.19.0/STM32CubeIDE/plugins/com.st.stm32cube.ide.mcu.externaltools.gnu-tools-for-stm32.13.3.rel1.win32_1.0.0.202411081344/tools/bin/../lib/gcc/arm-none-eabi/13.3.1/thumb/v7e-m+fp/hard\libgcc.a
LOAD C:/ST/STM32CubeIDE_1.19.0/STM32CubeIDE/plugins/com.st.stm32cube.ide.mcu.externaltools.gnu-tools-for-stm32.13.3.rel1.win32_1.0.0.202411081344/tools/bin/../lib/gcc/arm-none-eabi/13.3.1/../../../../arm-none-eabi/lib/thumb/v7e-m+fp/hard\libc_nano.a
LOAD C:/ST/STM32CubeIDE_1.19.0/STM32CubeIDE/plugins/com.st.stm32cube.ide.mcu.externaltools.gnu-tools-for-stm32.13.3.rel1.win32_1.0.0.202411081344/tools/bin/../lib/gcc/arm-none-eabi/13.3.1/../../../../arm-none-eabi/lib/thumb/v7e-m+fp/hard\libnosys.a
END GROUP
LOAD C:/ST/STM32CubeIDE_1.19.0/STM32CubeIDE/plugins/com.st.stm32cube.ide.mcu.externaltools.gnu-tools-for-stm32.13.3.rel1.win32_1.0.0.202411081344/tools/bin/../lib/gcc/arm-none-eabi/13.3.1/thumb/v7e-m+fp/hard/crtend.o
LOAD C:/ST/STM32CubeIDE_1.19.0/STM32CubeIDE/plugins/com.st.stm32cube.ide.mcu.externaltools.gnu-tools-for-stm32.13.3.rel1.win32_1.0.0.202411081344/tools/bin/../lib/gcc/arm-none-eabi/13.3.1/thumb/v7e-m+fp/hard/crtn.o
                0x200a0000                        _estack = (ORIGIN (RAM) + LENGTH (RAM))
                0x00000200                        _Min_Heap_Size = 0x200
                0x00000400                        _Min_Stack_Size = 0x400

.isr_vector     0x08000000      0x1bc
                0x08000000                        . = ALIGN (0x4)
 *(.isr_vector)
 .isr_vector    0x08000000      0x1bc ./Core/Startup/startup_stm32l4s5vitx.o
                0x08000000                g_pfnVectors
                0x080001bc                        . = ALIGN (0x4)

.text           0x080001c0     0xbb78
                0x080001c0                        . = ALIGN (0x4)
 *(.text)
 .text          0x080001c0       0x40 C:/ST/STM32CubeIDE_1.19.0/STM32CubeIDE/plugins/com.st.stm32cube.ide.mcu.externaltools.gnu-tools-for-stm32.13.3.rel1.win32_1.0.0.202411081344/tools/bin/../lib/gcc/arm-none-eabi/13.3.1/thumb/v7e-m+fp/hard/crtbegin.o
 .text          0x08000200       0x94 ./Middlewares/Third_Party/Segger/SEGGER_RTT_ASM_ARMv7M.o
                0x08000200                SEGGER_RTT_ASM_WriteSkipNoLock
 .text          0x08000294      0x378 C:/ST/STM32CubeIDE_1.19.0/STM32CubeIDE/plugins/com.st.stm32cube.ide.mcu.externaltools.gnu-tools-for-stm32.13.3.rel1.win32_1.0.0.202411081344/tools/bin/../lib/gcc/arm-none-eabi/13.3.1/thumb/v7e-m+fp/hard\libgcc.a(_arm_addsubdf3.o)
                0x08000294                __aeabi_drsub
                0x0800029c                __aeabi_dsub
                0x0800029c                __subdf3
                0x080002a0                __aeabi_dadd
                0x080002a0                __adddf3
                0x08000518                __floatunsidf
                0x08000518                __aeabi_ui2d
                0x08000538                __floatsidf
                0x08000538                __aeabi_i2d
                0x0800055c                __aeabi_f2d
                0x0800055c                __extendsfdf2
                0x080005a0                __floatundidf
                0x080005a0                __aeabi_ul2d
                0x080005b0                __floatdidf
                0x080005b0                __aeabi_l2d
 .text          0x0800060c      0x424 C:/ST/STM32CubeIDE_1.19.0/STM32CubeIDE/plugins/com.st.stm32cube.ide.mcu.externaltools.gnu-tools-for-stm32.13.3.rel1.win32_1.0.0.202411081344/tools/bin/../lib/gcc/arm-none-eabi/13.3.1/thumb/v7e-m+fp/hard\libgcc.a(_arm_muldivdf3.o)
                0x0800060c                __aeabi_dmul
                0x0800060c                __muldf3
                0x08000860                __divdf3
                0x08000860                __aeabi_ddiv
 .text          0x08000a30       0xa0 C:/ST/STM32CubeIDE_1.19.0/STM32CubeIDE/plugins/com.st.stm32cube.ide.mcu.externaltools.gnu-tools-for-stm32.13.3.rel1.win32_1.0.0.202411081344/tools/bin/../lib/gcc/arm-none-eabi/13.3.1/thumb/v7e-m+fp/hard\libgcc.a(_arm_truncdfsf2.o)
                0x08000a30                __truncdfsf2
                0x08000a30                __aeabi_d2f
 .text          0x08000ad0       0x30 C:/ST/STM32CubeIDE_1.19.0/STM32CubeIDE/plugins/com.st.stm32cube.ide.mcu.externaltools.gnu-tools-for-stm32.13.3.rel1.win32_1.0.0.202411081344/tools/bin/../lib/gcc/arm-none-eabi/13.3.1/thumb/v7e-m+fp/hard\libgcc.a(_aeabi_uldivmod.o)
                0x08000ad0                __aeabi_uldivmod
 .text          0x08000b00      0x2f8 C:/ST/STM32CubeIDE_1.19.0/STM32CubeIDE/plugins/com.st.stm32cube.ide.mcu.externaltools.gnu-tools-for-stm32.13.3.rel1.win32_1.0.0.202411081344/tools/bin/../lib/gcc/arm-none-eabi/13.3.1/thumb/v7e-m+fp/hard\libgcc.a(_udivmoddi4.o)
                0x08000b00                __udivmoddi4
 .text          0x08000df8        0x4 C:/ST/STM32CubeIDE_1.19.0/STM32CubeIDE/plugins/com.st.stm32cube.ide.mcu.externaltools.gnu-tools-for-stm32.13.3.rel1.win32_1.0.0.202411081344/tools/bin/../lib/gcc/arm-none-eabi/13.3.1/thumb/v7e-m+fp/hard\libgcc.a(_dvmd_tls.o)
                0x08000df8                __aeabi_idiv0
                0x08000df8                __aeabi_ldiv0
 *(.text*)
 .text.configureTimerForRunTimeStats
                0x08000dfc        0x4 ./Core/Src/freertos.o
                0x08000dfc                configureTimerForRunTimeStats
 .text.getRunTimeCounterValue
                0x08000e00        0x4 ./Core/Src/freertos.o
                0x08000e00                getRunTimeCounterValue
 .text.StartDefaultTask
                0x08000e04        0xc ./Core/Src/main.o
                0x08000e04                StartDefaultTask
 .text.IMU_Task
                0x08000e10       0xa8 ./Core/Src/main.o
                0x08000e10                IMU_Task
 .text.Magneto_Task
                0x08000eb8       0x24 ./Core/Src/main.o
                0x08000eb8                Magneto_Task
 .text.ToF_Task
                0x08000edc       0x24 ./Core/Src/main.o
                0x08000edc                ToF_Task
 .text.Baro_Task
                0x08000f00       0x24 ./Core/Src/main.o
                0x08000f00                Baro_Task
 .text.Humidity_Task
                0x08000f24       0x24 ./Core/Src/main.o
                0x08000f24                Humidity_Task
 .text.SystemClock_Config
                0x08000f48       0x90 ./Core/Src/main.o
                0x08000f48                SystemClock_Config
 .text.startup.main
                0x08000fd8      0x328 ./Core/Src/main.o
                0x08000fd8                main
 .text.HAL_TIM_PeriodElapsedCallback
                0x08001300       0x14 ./Core/Src/main.o
                0x08001300                HAL_TIM_PeriodElapsedCallback
 .text.Error_Handler
                0x08001314        0x4 ./Core/Src/main.o
                0x08001314                Error_Handler
 .text.HAL_MspInit
                0x08001318       0x40 ./Core/Src/stm32l4xx_hal_msp.o
                0x08001318                HAL_MspInit
 .text.HAL_I2C_MspInit
                0x08001358      0x10c ./Core/Src/stm32l4xx_hal_msp.o
                0x08001358                HAL_I2C_MspInit
 *fill*         0x08001464        0x4 
 .text.HAL_UART_MspInit
                0x08001468      0x10c ./Core/Src/stm32l4xx_hal_msp.o
                0x08001468                HAL_UART_MspInit
 .text.HAL_InitTick
                0x08001574       0x94 ./Core/Src/stm32l4xx_hal_timebase_tim.o
                0x08001574                HAL_InitTick
 .text.NMI_Handler
                0x08001608        0x4 ./Core/Src/stm32l4xx_it.o
                0x08001608                NMI_Handler
 .text.HardFault_Handler
                0x0800160c        0x4 ./Core/Src/stm32l4xx_it.o
                0x0800160c                HardFault_Handler
 .text.MemManage_Handler
                0x08001610        0x4 ./Core/Src/stm32l4xx_it.o
                0x08001610                MemManage_Handler
 .text.BusFault_Handler
                0x08001614        0x4 ./Core/Src/stm32l4xx_it.o
                0x08001614                BusFault_Handler
 .text.UsageFault_Handler
                0x08001618        0x4 ./Core/Src/stm32l4xx_it.o
                0x08001618                UsageFault_Handler
 .text.DebugMon_Handler
                0x0800161c        0x4 ./Core/Src/stm32l4xx_it.o
                0x0800161c                DebugMon_Handler
 .text.DMA1_Channel1_IRQHandler
                0x08001620       0x18 ./Core/Src/stm32l4xx_it.o
                0x08001620                DMA1_Channel1_IRQHandler
 .text.DMA1_Channel2_IRQHandler
                0x08001638       0x18 ./Core/Src/stm32l4xx_it.o
                0x08001638                DMA1_Channel2_IRQHandler
 .text.DMA1_Channel3_IRQHandler
                0x08001650       0x18 ./Core/Src/stm32l4xx_it.o
                0x08001650                DMA1_Channel3_IRQHandler
 .text.DMA1_Channel4_IRQHandler
                0x08001668       0x18 ./Core/Src/stm32l4xx_it.o
                0x08001668                DMA1_Channel4_IRQHandler
 .text.EXTI9_5_IRQHandler
                0x08001680       0x1c ./Core/Src/stm32l4xx_it.o
                0x08001680                EXTI9_5_IRQHandler
 .text.TIM1_TRG_COM_TIM17_IRQHandler
                0x0800169c        0xc ./Core/Src/stm32l4xx_it.o
                0x0800169c                TIM1_TRG_COM_TIM17_IRQHandler
 .text.I2C2_EV_IRQHandler
                0x080016a8       0x18 ./Core/Src/stm32l4xx_it.o
                0x080016a8                I2C2_EV_IRQHandler
 .text.EXTI15_10_IRQHandler
                0x080016c0       0x30 ./Core/Src/stm32l4xx_it.o
                0x080016c0                EXTI15_10_IRQHandler
 .text.HAL_GPIO_EXTI_Callback
                0x080016f0       0xb0 ./Core/Src/stm32l4xx_it.o
                0x080016f0                HAL_GPIO_EXTI_Callback
 .text.SystemInit
                0x080017a0       0x14 ./Core/Src/system_stm32l4xx.o
                0x080017a0                SystemInit
 .text.Reset_Handler
                0x080017b4       0x50 ./Core/Startup/startup_stm32l4s5vitx.o
                0x080017b4                Reset_Handler
 .text.Default_Handler
                0x08001804        0x2 ./Core/Startup/startup_stm32l4s5vitx.o
                0x08001804                RTC_Alarm_IRQHandler
                0x08001804                EXTI2_IRQHandler
                0x08001804                TIM8_TRG_COM_IRQHandler
                0x08001804                TIM8_CC_IRQHandler
                0x08001804                TIM1_CC_IRQHandler
                0x08001804                TSC_IRQHandler
                0x08001804                TAMP_STAMP_IRQHandler
                0x08001804                EXTI3_IRQHandler
                0x08001804                LPTIM2_IRQHandler
                0x08001804                DFSDM1_FLT1_IRQHandler
                0x08001804                GFXMMU_IRQHandler
                0x08001804                I2C3_ER_IRQHandler
                0x08001804                DFSDM1_FLT2_IRQHandler
                0x08001804                EXTI0_IRQHandler
                0x08001804                CAN1_RX0_IRQHandler
                0x08001804                FPU_IRQHandler
                0x08001804                TIM1_UP_TIM16_IRQHandler
                0x08001804                LTDC_ER_IRQHandler
                0x08001804                SPI1_IRQHandler
                0x08001804                OCTOSPI1_IRQHandler
                0x08001804                TIM6_DAC_IRQHandler
                0x08001804                DCMI_IRQHandler
                0x08001804                TIM8_UP_IRQHandler
                0x08001804                OCTOSPI2_IRQHandler
                0x08001804                DMA2_Channel2_IRQHandler
                0x08001804                SAI2_IRQHandler
                0x08001804                ADC1_IRQHandler
                0x08001804                DFSDM1_FLT3_IRQHandler
                0x08001804                USART3_IRQHandler
                0x08001804                DMA1_Channel7_IRQHandler
                0x08001804                CAN1_RX1_IRQHandler
                0x08001804                UART5_IRQHandler
                0x08001804                TIM4_IRQHandler
                0x08001804                DMA2_Channel1_IRQHandler
                0x08001804                I2C1_EV_IRQHandler
                0x08001804                DMAMUX1_OVR_IRQHandler
                0x08001804                DMA1_Channel6_IRQHandler
                0x08001804                UART4_IRQHandler
                0x08001804                DMA2_Channel4_IRQHandler
                0x08001804                TIM3_IRQHandler
                0x08001804                RCC_IRQHandler
                0x08001804                Default_Handler
                0x08001804                DMA2_Channel7_IRQHandler
                0x08001804                TIM7_IRQHandler
                0x08001804                SDMMC1_IRQHandler
                0x08001804                TIM5_IRQHandler
                0x08001804                I2C3_EV_IRQHandler
                0x08001804                RTC_WKUP_IRQHandler
                0x08001804                LTDC_IRQHandler
                0x08001804                PVD_PVM_IRQHandler
                0x08001804                SPI2_IRQHandler
                0x08001804                CAN1_TX_IRQHandler
                0x08001804                DMA2_Channel5_IRQHandler
                0x08001804                DMA1_Channel5_IRQHandler
                0x08001804                EXTI4_IRQHandler
                0x08001804                RNG_IRQHandler
                0x08001804                COMP_IRQHandler
                0x08001804                HASH_CRS_IRQHandler
                0x08001804                WWDG_IRQHandler
                0x08001804                I2C4_EV_IRQHandler
                0x08001804                LPUART1_IRQHandler
                0x08001804                DMA2_Channel6_IRQHandler
                0x08001804                TIM2_IRQHandler
                0x08001804                DMA2D_IRQHandler
                0x08001804                EXTI1_IRQHandler
                0x08001804                AES_IRQHandler
                0x08001804                USART2_IRQHandler
                0x08001804                DFSDM1_FLT0_IRQHandler
                0x08001804                I2C2_ER_IRQHandler
                0x08001804                TIM8_BRK_IRQHandler
                0x08001804                CAN1_SCE_IRQHandler
                0x08001804                FLASH_IRQHandler
                0x08001804                USART1_IRQHandler
                0x08001804                OTG_FS_IRQHandler
                0x08001804                SPI3_IRQHandler
                0x08001804                I2C1_ER_IRQHandler
                0x08001804                FMC_IRQHandler
                0x08001804                LPTIM1_IRQHandler
                0x08001804                I2C4_ER_IRQHandler
                0x08001804                SAI1_IRQHandler
                0x08001804                DMA2_Channel3_IRQHandler
                0x08001804                TIM1_BRK_TIM15_IRQHandler
 *fill*         0x08001806        0x2 
 .text.HAL_Init
                0x08001808       0x20 ./Drivers/STM32L4xx_HAL_Driver/Src/stm32l4xx_hal.o
                0x08001808                HAL_Init
 .text.HAL_IncTick
                0x08001828       0x18 ./Drivers/STM32L4xx_HAL_Driver/Src/stm32l4xx_hal.o
                0x08001828                HAL_IncTick
 .text.HAL_GetTick
                0x08001840        0xc ./Drivers/STM32L4xx_HAL_Driver/Src/stm32l4xx_hal.o
                0x08001840                HAL_GetTick
 .text.HAL_Delay
                0x0800184c       0x24 ./Drivers/STM32L4xx_HAL_Driver/Src/stm32l4xx_hal.o
                0x0800184c                HAL_Delay
 .text.HAL_NVIC_SetPriorityGrouping
                0x08001870       0x24 ./Drivers/STM32L4xx_HAL_Driver/Src/stm32l4xx_hal_cortex.o
                0x08001870                HAL_NVIC_SetPriorityGrouping
 .text.HAL_NVIC_SetPriority
                0x08001894       0x78 ./Drivers/STM32L4xx_HAL_Driver/Src/stm32l4xx_hal_cortex.o
                0x08001894                HAL_NVIC_SetPriority
 .text.HAL_NVIC_EnableIRQ
                0x0800190c       0x1c ./Drivers/STM32L4xx_HAL_Driver/Src/stm32l4xx_hal_cortex.o
                0x0800190c                HAL_NVIC_EnableIRQ
 .text.HAL_NVIC_ClearPendingIRQ
                0x08001928       0x1c ./Drivers/STM32L4xx_HAL_Driver/Src/stm32l4xx_hal_cortex.o
                0x08001928                HAL_NVIC_ClearPendingIRQ
 .text.DMA_CalcDMAMUXChannelBaseAndMask
                0x08001944       0x58 ./Drivers/STM32L4xx_HAL_Driver/Src/stm32l4xx_hal_dma.o
 .text.HAL_DMA_Init
                0x0800199c       0xec ./Drivers/STM32L4xx_HAL_Driver/Src/stm32l4xx_hal_dma.o
                0x0800199c                HAL_DMA_Init
 .text.HAL_DMA_Start_IT
                0x08001a88       0xb0 ./Drivers/STM32L4xx_HAL_Driver/Src/stm32l4xx_hal_dma.o
                0x08001a88                HAL_DMA_Start_IT
 .text.HAL_DMA_Abort_IT
                0x08001b38       0x6c ./Drivers/STM32L4xx_HAL_Driver/Src/stm32l4xx_hal_dma.o
                0x08001b38                HAL_DMA_Abort_IT
 .text.HAL_DMA_IRQHandler
                0x08001ba4       0x9c ./Drivers/STM32L4xx_HAL_Driver/Src/stm32l4xx_hal_dma.o
                0x08001ba4                HAL_DMA_IRQHandler
 .text.HAL_DMA_GetState
                0x08001c40        0x8 ./Drivers/STM32L4xx_HAL_Driver/Src/stm32l4xx_hal_dma.o
                0x08001c40                HAL_DMA_GetState
 .text.HAL_GPIO_Init
                0x08001c48      0x24c ./Drivers/STM32L4xx_HAL_Driver/Src/stm32l4xx_hal_gpio.o
                0x08001c48                HAL_GPIO_Init
 .text.HAL_GPIO_WritePin
                0x08001e94        0xc ./Drivers/STM32L4xx_HAL_Driver/Src/stm32l4xx_hal_gpio.o
                0x08001e94                HAL_GPIO_WritePin
 .text.HAL_GPIO_EXTI_IRQHandler
                0x08001ea0       0x18 ./Drivers/STM32L4xx_HAL_Driver/Src/stm32l4xx_hal_gpio.o
                0x08001ea0                HAL_GPIO_EXTI_IRQHandler
 .text.HAL_I2C_Init
                0x08001eb8       0xb4 ./Drivers/STM32L4xx_HAL_Driver/Src/stm32l4xx_hal_i2c.o
                0x08001eb8                HAL_I2C_Init
 .text.HAL_I2C_Master_Transmit_DMA
                0x08001f6c      0x17c ./Drivers/STM32L4xx_HAL_Driver/Src/stm32l4xx_hal_i2c.o
                0x08001f6c                HAL_I2C_Master_Transmit_DMA
 .text.HAL_I2C_Master_Receive_DMA
                0x080020e8      0x138 ./Drivers/STM32L4xx_HAL_Driver/Src/stm32l4xx_hal_i2c.o
                0x080020e8                HAL_I2C_Master_Receive_DMA
 .text.HAL_I2C_Mem_Write_DMA
                0x08002220      0x128 ./Drivers/STM32L4xx_HAL_Driver/Src/stm32l4xx_hal_i2c.o
                0x08002220                HAL_I2C_Mem_Write_DMA
 .text.HAL_I2C_Mem_Read_DMA
                0x08002348      0x124 ./Drivers/STM32L4xx_HAL_Driver/Src/stm32l4xx_hal_i2c.o
                0x08002348                HAL_I2C_Mem_Read_DMA
 .text.HAL_I2C_EV_IRQHandler
                0x0800246c       0x10 ./Drivers/STM32L4xx_HAL_Driver/Src/stm32l4xx_hal_i2c.o
                0x0800246c                HAL_I2C_EV_IRQHandler
 .text.HAL_I2C_MasterTxCpltCallback
                0x0800247c        0x4 ./Drivers/STM32L4xx_HAL_Driver/Src/stm32l4xx_hal_i2c.o
                0x0800247c                HAL_I2C_MasterTxCpltCallback
 .text.HAL_I2C_MasterRxCpltCallback
                0x08002480        0x4 ./Drivers/STM32L4xx_HAL_Driver/Src/stm32l4xx_hal_i2c.o
                0x08002480                HAL_I2C_MasterRxCpltCallback
 .text.I2C_ITMasterSeqCplt
                0x08002484       0x78 ./Drivers/STM32L4xx_HAL_Driver/Src/stm32l4xx_hal_i2c.o
 .text.HAL_I2C_SlaveTxCpltCallback
                0x080024fc        0x4 ./Drivers/STM32L4xx_HAL_Driver/Src/stm32l4xx_hal_i2c.o
                0x080024fc                HAL_I2C_SlaveTxCpltCallback
 .text.HAL_I2C_SlaveRxCpltCallback
                0x08002500        0x4 ./Drivers/STM32L4xx_HAL_Driver/Src/stm32l4xx_hal_i2c.o
                0x08002500                HAL_I2C_SlaveRxCpltCallback
 .text.I2C_ITSlaveSeqCplt
                0x08002504       0xa0 ./Drivers/STM32L4xx_HAL_Driver/Src/stm32l4xx_hal_i2c.o
 .text.HAL_I2C_AddrCallback
                0x080025a4        0x4 ./Drivers/STM32L4xx_HAL_Driver/Src/stm32l4xx_hal_i2c.o
                0x080025a4                HAL_I2C_AddrCallback
 .text.I2C_ITAddrCplt.constprop.0
                0x080025a8       0x78 ./Drivers/STM32L4xx_HAL_Driver/Src/stm32l4xx_hal_i2c.o
 .text.HAL_I2C_ListenCpltCallback
                0x08002620        0x4 ./Drivers/STM32L4xx_HAL_Driver/Src/stm32l4xx_hal_i2c.o
                0x08002620                HAL_I2C_ListenCpltCallback
 .text.I2C_ITListenCplt
                0x08002624       0x6c ./Drivers/STM32L4xx_HAL_Driver/Src/stm32l4xx_hal_i2c.o
 .text.HAL_I2C_MemTxCpltCallback
                0x08002690        0x4 ./Drivers/STM32L4xx_HAL_Driver/Src/stm32l4xx_hal_i2c.o
                0x08002690                HAL_I2C_MemTxCpltCallback
 .text.HAL_I2C_MemRxCpltCallback
                0x08002694        0x4 ./Drivers/STM32L4xx_HAL_Driver/Src/stm32l4xx_hal_i2c.o
                0x08002694                HAL_I2C_MemRxCpltCallback
 .text.HAL_I2C_ErrorCallback
                0x08002698        0x4 ./Drivers/STM32L4xx_HAL_Driver/Src/stm32l4xx_hal_i2c.o
                0x08002698                HAL_I2C_ErrorCallback
 .text.HAL_I2C_AbortCpltCallback
                0x0800269c        0x4 ./Drivers/STM32L4xx_HAL_Driver/Src/stm32l4xx_hal_i2c.o
                0x0800269c                HAL_I2C_AbortCpltCallback
 .text.I2C_DMAAbort
                0x080026a0       0x40 ./Drivers/STM32L4xx_HAL_Driver/Src/stm32l4xx_hal_i2c.o
 .text.I2C_ITError
                0x080026e0      0x168 ./Drivers/STM32L4xx_HAL_Driver/Src/stm32l4xx_hal_i2c.o
 .text.I2C_ITMasterCplt
                0x08002848      0x120 ./Drivers/STM32L4xx_HAL_Driver/Src/stm32l4xx_hal_i2c.o
 .text.I2C_Master_ISR_IT
                0x08002968      0x198 ./Drivers/STM32L4xx_HAL_Driver/Src/stm32l4xx_hal_i2c.o
 .text.I2C_Mem_ISR_DMA
                0x08002b00      0x230 ./Drivers/STM32L4xx_HAL_Driver/Src/stm32l4xx_hal_i2c.o
 .text.I2C_Master_ISR_DMA
                0x08002d30      0x178 ./Drivers/STM32L4xx_HAL_Driver/Src/stm32l4xx_hal_i2c.o
 .text.I2C_DMAError
                0x08002ea8       0x14 ./Drivers/STM32L4xx_HAL_Driver/Src/stm32l4xx_hal_i2c.o
 .text.I2C_DMAMasterTransmitCplt
                0x08002ebc       0xa0 ./Drivers/STM32L4xx_HAL_Driver/Src/stm32l4xx_hal_i2c.o
 .text.I2C_DMAMasterReceiveCplt
                0x08002f5c       0xb4 ./Drivers/STM32L4xx_HAL_Driver/Src/stm32l4xx_hal_i2c.o
 .text.I2C_ITSlaveCplt.constprop.0
                0x08003010      0x1e4 ./Drivers/STM32L4xx_HAL_Driver/Src/stm32l4xx_hal_i2c.o
 .text.I2C_Slave_ISR_DMA
                0x080031f4      0x124 ./Drivers/STM32L4xx_HAL_Driver/Src/stm32l4xx_hal_i2c.o
 .text.I2C_Slave_ISR_IT
                0x08003318      0x138 ./Drivers/STM32L4xx_HAL_Driver/Src/stm32l4xx_hal_i2c.o
 .text.HAL_I2CEx_ConfigAnalogFilter
                0x08003450       0x54 ./Drivers/STM32L4xx_HAL_Driver/Src/stm32l4xx_hal_i2c_ex.o
                0x08003450                HAL_I2CEx_ConfigAnalogFilter
 .text.HAL_I2CEx_ConfigDigitalFilter
                0x080034a4       0x58 ./Drivers/STM32L4xx_HAL_Driver/Src/stm32l4xx_hal_i2c_ex.o
                0x080034a4                HAL_I2CEx_ConfigDigitalFilter
 .text.HAL_PWREx_GetVoltageRange
                0x080034fc       0x20 ./Drivers/STM32L4xx_HAL_Driver/Src/stm32l4xx_hal_pwr_ex.o
                0x080034fc                HAL_PWREx_GetVoltageRange
 .text.HAL_PWREx_ControlVoltageScaling
                0x0800351c       0xe4 ./Drivers/STM32L4xx_HAL_Driver/Src/stm32l4xx_hal_pwr_ex.o
                0x0800351c                HAL_PWREx_ControlVoltageScaling
 .text.RCC_SetFlashLatencyFromMSIRange
                0x08003600       0x84 ./Drivers/STM32L4xx_HAL_Driver/Src/stm32l4xx_hal_rcc.o
 .text.HAL_RCC_GetSysClockFreq
                0x08003684       0xa0 ./Drivers/STM32L4xx_HAL_Driver/Src/stm32l4xx_hal_rcc.o
                0x08003684                HAL_RCC_GetSysClockFreq
 .text.HAL_RCC_OscConfig
                0x08003724      0x62c ./Drivers/STM32L4xx_HAL_Driver/Src/stm32l4xx_hal_rcc.o
                0x08003724                HAL_RCC_OscConfig
 .text.HAL_RCC_ClockConfig
                0x08003d50      0x244 ./Drivers/STM32L4xx_HAL_Driver/Src/stm32l4xx_hal_rcc.o
                0x08003d50                HAL_RCC_ClockConfig
 .text.HAL_RCC_GetPCLK1Freq
                0x08003f94       0x24 ./Drivers/STM32L4xx_HAL_Driver/Src/stm32l4xx_hal_rcc.o
                0x08003f94                HAL_RCC_GetPCLK1Freq
 .text.HAL_RCC_GetPCLK2Freq
                0x08003fb8       0x24 ./Drivers/STM32L4xx_HAL_Driver/Src/stm32l4xx_hal_rcc.o
                0x08003fb8                HAL_RCC_GetPCLK2Freq
 .text.HAL_RCC_GetClockConfig
                0x08003fdc       0x44 ./Drivers/STM32L4xx_HAL_Driver/Src/stm32l4xx_hal_rcc.o
                0x08003fdc                HAL_RCC_GetClockConfig
 .text.RCCEx_PLLSAI1_Config
                0x08004020      0x10c ./Drivers/STM32L4xx_HAL_Driver/Src/stm32l4xx_hal_rcc_ex.o
 .text.RCCEx_PLLSAI2_Config.constprop.0
                0x0800412c       0xd0 ./Drivers/STM32L4xx_HAL_Driver/Src/stm32l4xx_hal_rcc_ex.o
 .text.HAL_RCCEx_PeriphCLKConfig
                0x080041fc      0x470 ./Drivers/STM32L4xx_HAL_Driver/Src/stm32l4xx_hal_rcc_ex.o
                0x080041fc                HAL_RCCEx_PeriphCLKConfig
 .text.HAL_TIM_Base_MspInit
                0x0800466c        0x4 ./Drivers/STM32L4xx_HAL_Driver/Src/stm32l4xx_hal_tim.o
                0x0800466c                HAL_TIM_Base_MspInit
 .text.HAL_TIM_Base_Start_IT
                0x08004670       0x7c ./Drivers/STM32L4xx_HAL_Driver/Src/stm32l4xx_hal_tim.o
                0x08004670                HAL_TIM_Base_Start_IT
 .text.HAL_TIM_OC_DelayElapsedCallback
                0x080046ec        0x4 ./Drivers/STM32L4xx_HAL_Driver/Src/stm32l4xx_hal_tim.o
                0x080046ec                HAL_TIM_OC_DelayElapsedCallback
 .text.HAL_TIM_IC_CaptureCallback
                0x080046f0        0x4 ./Drivers/STM32L4xx_HAL_Driver/Src/stm32l4xx_hal_tim.o
                0x080046f0                HAL_TIM_IC_CaptureCallback
 .text.HAL_TIM_PWM_PulseFinishedCallback
                0x080046f4        0x4 ./Drivers/STM32L4xx_HAL_Driver/Src/stm32l4xx_hal_tim.o
                0x080046f4                HAL_TIM_PWM_PulseFinishedCallback
 .text.HAL_TIM_TriggerCallback
                0x080046f8        0x4 ./Drivers/STM32L4xx_HAL_Driver/Src/stm32l4xx_hal_tim.o
                0x080046f8                HAL_TIM_TriggerCallback
 .text.HAL_TIM_IRQHandler
                0x080046fc      0x154 ./Drivers/STM32L4xx_HAL_Driver/Src/stm32l4xx_hal_tim.o
                0x080046fc                HAL_TIM_IRQHandler
 .text.TIM_Base_SetConfig
                0x08004850       0xe4 ./Drivers/STM32L4xx_HAL_Driver/Src/stm32l4xx_hal_tim.o
                0x08004850                TIM_Base_SetConfig
 .text.HAL_TIM_Base_Init
                0x08004934       0x64 ./Drivers/STM32L4xx_HAL_Driver/Src/stm32l4xx_hal_tim.o
                0x08004934                HAL_TIM_Base_Init
 .text.HAL_TIMEx_CommutCallback
                0x08004998        0x4 ./Drivers/STM32L4xx_HAL_Driver/Src/stm32l4xx_hal_tim_ex.o
                0x08004998                HAL_TIMEx_CommutCallback
 .text.HAL_TIMEx_BreakCallback
                0x0800499c        0x4 ./Drivers/STM32L4xx_HAL_Driver/Src/stm32l4xx_hal_tim_ex.o
                0x0800499c                HAL_TIMEx_BreakCallback
 .text.HAL_TIMEx_Break2Callback
                0x080049a0        0x4 ./Drivers/STM32L4xx_HAL_Driver/Src/stm32l4xx_hal_tim_ex.o
                0x080049a0                HAL_TIMEx_Break2Callback
 .text.UART_EndRxTransfer
                0x080049a4       0x6c ./Drivers/STM32L4xx_HAL_Driver/Src/stm32l4xx_hal_uart.o
 .text.UART_SetConfig
                0x08004a10      0x2a0 ./Drivers/STM32L4xx_HAL_Driver/Src/stm32l4xx_hal_uart.o
                0x08004a10                UART_SetConfig
 .text.UART_AdvFeatureConfig
                0x08004cb0       0xb0 ./Drivers/STM32L4xx_HAL_Driver/Src/stm32l4xx_hal_uart.o
                0x08004cb0                UART_AdvFeatureConfig
 .text.UART_WaitOnFlagUntilTimeout
                0x08004d60       0x9c ./Drivers/STM32L4xx_HAL_Driver/Src/stm32l4xx_hal_uart.o
                0x08004d60                UART_WaitOnFlagUntilTimeout
 .text.UART_CheckIdleState
                0x08004dfc       0xbc ./Drivers/STM32L4xx_HAL_Driver/Src/stm32l4xx_hal_uart.o
                0x08004dfc                UART_CheckIdleState
 .text.HAL_UART_Init
                0x08004eb8       0x68 ./Drivers/STM32L4xx_HAL_Driver/Src/stm32l4xx_hal_uart.o
                0x08004eb8                HAL_UART_Init
 .text.UARTEx_SetNbDataToProcess.part.0
                0x08004f20       0x40 ./Drivers/STM32L4xx_HAL_Driver/Src/stm32l4xx_hal_uart_ex.o
 .text.HAL_UARTEx_DisableFifoMode
                0x08004f60       0x3c ./Drivers/STM32L4xx_HAL_Driver/Src/stm32l4xx_hal_uart_ex.o
                0x08004f60                HAL_UARTEx_DisableFifoMode
 .text.HAL_UARTEx_SetTxFifoThreshold
                0x08004f9c       0x4c ./Drivers/STM32L4xx_HAL_Driver/Src/stm32l4xx_hal_uart_ex.o
                0x08004f9c                HAL_UARTEx_SetTxFifoThreshold
 .text.HAL_UARTEx_SetRxFifoThreshold
                0x08004fe8       0x4c ./Drivers/STM32L4xx_HAL_Driver/Src/stm32l4xx_hal_uart_ex.o
                0x08004fe8                HAL_UARTEx_SetRxFifoThreshold
 .text.Filter_Init
                0x08005034       0x18 ./Filter/filter.o
                0x08005034                Filter_Init
 .text.Filter_Update
                0x0800504c       0xd8 ./Filter/filter.o
                0x0800504c                Filter_Update
 .text.LIS3MDL_Filter_Update
                0x08005124       0x5c ./Filter/filter.o
                0x08005124                LIS3MDL_Filter_Update
 .text.SysTick_Handler
                0x08005180       0x1c ./Middlewares/Third_Party/FreeRTOS/Source/CMSIS_RTOS_V2/cmsis_os2.o
                0x08005180                SysTick_Handler
 .text.osKernelInitialize
                0x0800519c       0x24 ./Middlewares/Third_Party/FreeRTOS/Source/CMSIS_RTOS_V2/cmsis_os2.o
                0x0800519c                osKernelInitialize
 .text.osKernelStart
                0x080051c0       0x34 ./Middlewares/Third_Party/FreeRTOS/Source/CMSIS_RTOS_V2/cmsis_os2.o
                0x080051c0                osKernelStart
 .text.osKernelGetTickCount
                0x080051f4       0x10 ./Middlewares/Third_Party/FreeRTOS/Source/CMSIS_RTOS_V2/cmsis_os2.o
                0x080051f4                osKernelGetTickCount
 .text.osThreadNew
                0x08005204       0x8c ./Middlewares/Third_Party/FreeRTOS/Source/CMSIS_RTOS_V2/cmsis_os2.o
                0x08005204                osThreadNew
 .text.osThreadTerminate
                0x08005290       0x30 ./Middlewares/Third_Party/FreeRTOS/Source/CMSIS_RTOS_V2/cmsis_os2.o
                0x08005290                osThreadTerminate
 .text.osThreadFlagsSet
                0x080052c0       0x78 ./Middlewares/Third_Party/FreeRTOS/Source/CMSIS_RTOS_V2/cmsis_os2.o
                0x080052c0                osThreadFlagsSet
 .text.osThreadFlagsWait
                0x08005338       0xa8 ./Middlewares/Third_Party/FreeRTOS/Source/CMSIS_RTOS_V2/cmsis_os2.o
                0x08005338                osThreadFlagsWait
 .text.osDelay  0x080053e0       0x1c ./Middlewares/Third_Party/FreeRTOS/Source/CMSIS_RTOS_V2/cmsis_os2.o
                0x080053e0                osDelay
 .text.osSemaphoreNew
                0x080053fc       0xc0 ./Middlewares/Third_Party/FreeRTOS/Source/CMSIS_RTOS_V2/cmsis_os2.o
                0x080053fc                osSemaphoreNew
 .text.osSemaphoreAcquire
                0x080054bc       0x64 ./Middlewares/Third_Party/FreeRTOS/Source/CMSIS_RTOS_V2/cmsis_os2.o
                0x080054bc                osSemaphoreAcquire
 .text.osSemaphoreRelease
                0x08005520       0x54 ./Middlewares/Third_Party/FreeRTOS/Source/CMSIS_RTOS_V2/cmsis_os2.o
                0x08005520                osSemaphoreRelease
 .text.vApplicationGetIdleTaskMemory
                0x08005574       0x1c ./Middlewares/Third_Party/FreeRTOS/Source/CMSIS_RTOS_V2/cmsis_os2.o
                0x08005574                vApplicationGetIdleTaskMemory
 .text.vApplicationGetTimerTaskMemory
                0x08005590       0x20 ./Middlewares/Third_Party/FreeRTOS/Source/CMSIS_RTOS_V2/cmsis_os2.o
                0x08005590                vApplicationGetTimerTaskMemory
 .text.vListInitialise
                0x080055b0       0x18 ./Middlewares/Third_Party/FreeRTOS/Source/list.o
                0x080055b0                vListInitialise
 .text.vListInitialiseItem
                0x080055c8        0x8 ./Middlewares/Third_Party/FreeRTOS/Source/list.o
                0x080055c8                vListInitialiseItem
 .text.vListInsertEnd
                0x080055d0       0x1c ./Middlewares/Third_Party/FreeRTOS/Source/list.o
                0x080055d0                vListInsertEnd
 .text.vListInsert
                0x080055ec       0x30 ./Middlewares/Third_Party/FreeRTOS/Source/list.o
                0x080055ec                vListInsert
 .text.uxListRemove
                0x0800561c       0x28 ./Middlewares/Third_Party/FreeRTOS/Source/list.o
                0x0800561c                uxListRemove
 .text.prvCopyDataToQueue
                0x08005644       0x78 ./Middlewares/Third_Party/FreeRTOS/Source/queue.o
 .text.prvUnlockQueue
                0x080056bc       0x8c ./Middlewares/Third_Party/FreeRTOS/Source/queue.o
 .text.xQueueGenericReset
                0x08005748       0x8c ./Middlewares/Third_Party/FreeRTOS/Source/queue.o
                0x08005748                xQueueGenericReset
 .text.xQueueGenericCreateStatic
                0x080057d4       0xa8 ./Middlewares/Third_Party/FreeRTOS/Source/queue.o
                0x080057d4                xQueueGenericCreateStatic
 .text.xQueueGenericCreate
                0x0800587c       0x50 ./Middlewares/Third_Party/FreeRTOS/Source/queue.o
                0x0800587c                xQueueGenericCreate
 .text.xQueueCreateCountingSemaphoreStatic
                0x080058cc       0x48 ./Middlewares/Third_Party/FreeRTOS/Source/queue.o
                0x080058cc                xQueueCreateCountingSemaphoreStatic
 .text.xQueueCreateCountingSemaphore
                0x08005914       0x3c ./Middlewares/Third_Party/FreeRTOS/Source/queue.o
                0x08005914                xQueueCreateCountingSemaphore
 .text.xQueueGenericSend
                0x08005950      0x184 ./Middlewares/Third_Party/FreeRTOS/Source/queue.o
                0x08005950                xQueueGenericSend
 .text.xQueueGenericSendFromISR
                0x08005ad4       0xc4 ./Middlewares/Third_Party/FreeRTOS/Source/queue.o
                0x08005ad4                xQueueGenericSendFromISR
 .text.xQueueGiveFromISR
                0x08005b98       0xac ./Middlewares/Third_Party/FreeRTOS/Source/queue.o
                0x08005b98                xQueueGiveFromISR
 .text.xQueueReceive
                0x08005c44      0x174 ./Middlewares/Third_Party/FreeRTOS/Source/queue.o
                0x08005c44                xQueueReceive
 .text.xQueueSemaphoreTake
                0x08005db8      0x1ac ./Middlewares/Third_Party/FreeRTOS/Source/queue.o
                0x08005db8                xQueueSemaphoreTake
 .text.xQueueReceiveFromISR
                0x08005f64       0xb4 ./Middlewares/Third_Party/FreeRTOS/Source/queue.o
                0x08005f64                xQueueReceiveFromISR
 .text.vQueueDelete
                0x08006018       0x58 ./Middlewares/Third_Party/FreeRTOS/Source/queue.o
                0x08006018                vQueueDelete
 .text.vQueueAddToRegistry
                0x08006070       0x30 ./Middlewares/Third_Party/FreeRTOS/Source/queue.o
                0x08006070                vQueueAddToRegistry
 .text.vQueueWaitForMessageRestricted
                0x080060a0       0x50 ./Middlewares/Third_Party/FreeRTOS/Source/queue.o
                0x080060a0                vQueueWaitForMessageRestricted
 .text.prvAddNewTaskToReadyList
                0x080060f0      0x12c ./Middlewares/Third_Party/FreeRTOS/Source/tasks.o
 .text.prvAddCurrentTaskToDelayedList
                0x0800621c       0x8c ./Middlewares/Third_Party/FreeRTOS/Source/tasks.o
 .text.prvDeleteTCB
                0x080062a8       0x48 ./Middlewares/Third_Party/FreeRTOS/Source/tasks.o
 .text.prvIdleTask
                0x080062f0       0x68 ./Middlewares/Third_Party/FreeRTOS/Source/tasks.o
 .text.prvInitialiseNewTask.constprop.0
                0x08006358       0xc4 ./Middlewares/Third_Party/FreeRTOS/Source/tasks.o
 .text.xTaskCreateStatic
                0x0800641c       0x74 ./Middlewares/Third_Party/FreeRTOS/Source/tasks.o
                0x0800641c                xTaskCreateStatic
 .text.xTaskCreate
                0x08006490       0x60 ./Middlewares/Third_Party/FreeRTOS/Source/tasks.o
                0x08006490                xTaskCreate
 .text.vTaskDelete
                0x080064f0      0x100 ./Middlewares/Third_Party/FreeRTOS/Source/tasks.o
                0x080064f0                vTaskDelete
 .text.eTaskGetState
                0x080065f0       0x84 ./Middlewares/Third_Party/FreeRTOS/Source/tasks.o
                0x080065f0                eTaskGetState
 .text.vTaskStartScheduler
                0x08006674       0xbc ./Middlewares/Third_Party/FreeRTOS/Source/tasks.o
                0x08006674                vTaskStartScheduler
 .text.vTaskSuspendAll
                0x08006730       0x10 ./Middlewares/Third_Party/FreeRTOS/Source/tasks.o
                0x08006730                vTaskSuspendAll
 .text.xTaskGetTickCount
                0x08006740        0xc ./Middlewares/Third_Party/FreeRTOS/Source/tasks.o
                0x08006740                xTaskGetTickCount
 .text.xTaskGetTickCountFromISR
                0x0800674c       0x10 ./Middlewares/Third_Party/FreeRTOS/Source/tasks.o
                0x0800674c                xTaskGetTickCountFromISR
 .text.xTaskIncrementTick
                0x0800675c      0x174 ./Middlewares/Third_Party/FreeRTOS/Source/tasks.o
                0x0800675c                xTaskIncrementTick
 .text.xTaskResumeAll.part.0
                0x080068d0      0x114 ./Middlewares/Third_Party/FreeRTOS/Source/tasks.o
 .text.xTaskResumeAll
                0x080069e4       0x20 ./Middlewares/Third_Party/FreeRTOS/Source/tasks.o
                0x080069e4                xTaskResumeAll
 .text.vTaskDelay
                0x08006a04       0x60 ./Middlewares/Third_Party/FreeRTOS/Source/tasks.o
                0x08006a04                vTaskDelay
 .text.vTaskSwitchContext
                0x08006a64       0xcc ./Middlewares/Third_Party/FreeRTOS/Source/tasks.o
                0x08006a64                vTaskSwitchContext
 .text.vTaskPlaceOnEventList
                0x08006b30       0x34 ./Middlewares/Third_Party/FreeRTOS/Source/tasks.o
                0x08006b30                vTaskPlaceOnEventList
 .text.vTaskPlaceOnEventListRestricted
                0x08006b64       0x3c ./Middlewares/Third_Party/FreeRTOS/Source/tasks.o
                0x08006b64                vTaskPlaceOnEventListRestricted
 .text.xTaskRemoveFromEventList
                0x08006ba0       0x8c ./Middlewares/Third_Party/FreeRTOS/Source/tasks.o
                0x08006ba0                xTaskRemoveFromEventList
 .text.vTaskInternalSetTimeOutState
                0x08006c2c       0x18 ./Middlewares/Third_Party/FreeRTOS/Source/tasks.o
                0x08006c2c                vTaskInternalSetTimeOutState
 .text.xTaskCheckForTimeOut
                0x08006c44       0x84 ./Middlewares/Third_Party/FreeRTOS/Source/tasks.o
                0x08006c44                xTaskCheckForTimeOut
 .text.vTaskMissedYield
                0x08006cc8        0xc ./Middlewares/Third_Party/FreeRTOS/Source/tasks.o
                0x08006cc8                vTaskMissedYield
 .text.uxTaskGetStackHighWaterMark
                0x08006cd4       0x38 ./Middlewares/Third_Party/FreeRTOS/Source/tasks.o
                0x08006cd4                uxTaskGetStackHighWaterMark
 .text.xTaskGetSchedulerState
                0x08006d0c       0x20 ./Middlewares/Third_Party/FreeRTOS/Source/tasks.o
                0x08006d0c                xTaskGetSchedulerState
 .text.xTaskPriorityInherit
                0x08006d2c       0x88 ./Middlewares/Third_Party/FreeRTOS/Source/tasks.o
                0x08006d2c                xTaskPriorityInherit
 .text.xTaskPriorityDisinherit
                0x08006db4       0x90 ./Middlewares/Third_Party/FreeRTOS/Source/tasks.o
                0x08006db4                xTaskPriorityDisinherit
 .text.vTaskPriorityDisinheritAfterTimeout
                0x08006e44       0xa8 ./Middlewares/Third_Party/FreeRTOS/Source/tasks.o
                0x08006e44                vTaskPriorityDisinheritAfterTimeout
 .text.pvTaskIncrementMutexHeldCount
                0x08006eec       0x18 ./Middlewares/Third_Party/FreeRTOS/Source/tasks.o
                0x08006eec                pvTaskIncrementMutexHeldCount
 .text.xTaskNotifyWait
                0x08006f04       0x98 ./Middlewares/Third_Party/FreeRTOS/Source/tasks.o
                0x08006f04                xTaskNotifyWait
 .text.xTaskGenericNotify
                0x08006f9c      0x100 ./Middlewares/Third_Party/FreeRTOS/Source/tasks.o
                0x08006f9c                xTaskGenericNotify
 .text.xTaskGenericNotifyFromISR
                0x0800709c      0x130 ./Middlewares/Third_Party/FreeRTOS/Source/tasks.o
                0x0800709c                xTaskGenericNotifyFromISR
 .text.prvCheckForValidListAndQueue
                0x080071cc       0x6c ./Middlewares/Third_Party/FreeRTOS/Source/timers.o
 .text.xTimerCreateTimerTask
                0x08007238       0x64 ./Middlewares/Third_Party/FreeRTOS/Source/timers.o
                0x08007238                xTimerCreateTimerTask
 .text.xTimerGenericCommand
                0x0800729c       0x6c ./Middlewares/Third_Party/FreeRTOS/Source/timers.o
                0x0800729c                xTimerGenericCommand
 .text.prvSwitchTimerLists
                0x08007308       0x80 ./Middlewares/Third_Party/FreeRTOS/Source/timers.o
 .text.prvTimerTask
                0x08007388      0x24c ./Middlewares/Third_Party/FreeRTOS/Source/timers.o
 .text.prvPortStartFirstTask
                0x080075d4       0x28 ./Middlewares/Third_Party/FreeRTOS/Source/portable/GCC/ARM_CM4F/port.o
 .text.vPortEnableVFP
                0x080075fc       0x14 ./Middlewares/Third_Party/FreeRTOS/Source/portable/GCC/ARM_CM4F/port.o
 .text.prvTaskExitError
                0x08007610       0x40 ./Middlewares/Third_Party/FreeRTOS/Source/portable/GCC/ARM_CM4F/port.o
 .text.pxPortInitialiseStack
                0x08007650       0x28 ./Middlewares/Third_Party/FreeRTOS/Source/portable/GCC/ARM_CM4F/port.o
                0x08007650                pxPortInitialiseStack
 *fill*         0x08007678        0x8 
 .text.SVC_Handler
                0x08007680       0x24 ./Middlewares/Third_Party/FreeRTOS/Source/portable/GCC/ARM_CM4F/port.o
                0x08007680                SVC_Handler
 .text.vPortEnterCritical
                0x080076a4       0x44 ./Middlewares/Third_Party/FreeRTOS/Source/portable/GCC/ARM_CM4F/port.o
                0x080076a4                vPortEnterCritical
 .text.vPortExitCritical
                0x080076e8       0x28 ./Middlewares/Third_Party/FreeRTOS/Source/portable/GCC/ARM_CM4F/port.o
                0x080076e8                vPortExitCritical
 .text.PendSV_Handler
                0x08007710       0x64 ./Middlewares/Third_Party/FreeRTOS/Source/portable/GCC/ARM_CM4F/port.o
                0x08007710                PendSV_Handler
 .text.xPortSysTickHandler
                0x08007774       0x2c ./Middlewares/Third_Party/FreeRTOS/Source/portable/GCC/ARM_CM4F/port.o
                0x08007774                xPortSysTickHandler
 .text.vPortSetupTimerInterrupt
                0x080077a0       0x28 ./Middlewares/Third_Party/FreeRTOS/Source/portable/GCC/ARM_CM4F/port.o
                0x080077a0                vPortSetupTimerInterrupt
 .text.xPortStartScheduler
                0x080077c8      0x114 ./Middlewares/Third_Party/FreeRTOS/Source/portable/GCC/ARM_CM4F/port.o
                0x080077c8                xPortStartScheduler
 .text.vPortValidateInterruptPriority
                0x080078dc       0x5c ./Middlewares/Third_Party/FreeRTOS/Source/portable/GCC/ARM_CM4F/port.o
                0x080078dc                vPortValidateInterruptPriority
 .text.prvInsertBlockIntoFreeList
                0x08007938       0x60 ./Middlewares/Third_Party/FreeRTOS/Source/portable/MemMang/heap_4.o
 .text.pvPortMalloc
                0x08007998      0x128 ./Middlewares/Third_Party/FreeRTOS/Source/portable/MemMang/heap_4.o
                0x08007998                pvPortMalloc
 .text.vPortFree
                0x08007ac0       0x80 ./Middlewares/Third_Party/FreeRTOS/Source/portable/MemMang/heap_4.o
                0x08007ac0                vPortFree
 .text._DoInit  0x08007b40       0x6c ./Middlewares/Third_Party/Segger/SEGGER_RTT.o
 .text.SEGGER_RTT_ReadNoLock
                0x08007bac       0xcc ./Middlewares/Third_Party/Segger/SEGGER_RTT.o
                0x08007bac                SEGGER_RTT_ReadNoLock
 .text.SEGGER_RTT_AllocUpBuffer
                0x08007c78       0x84 ./Middlewares/Third_Party/Segger/SEGGER_RTT.o
                0x08007c78                SEGGER_RTT_AllocUpBuffer
 .text.SEGGER_RTT_ConfigDownBuffer
                0x08007cfc       0x68 ./Middlewares/Third_Party/Segger/SEGGER_RTT.o
                0x08007cfc                SEGGER_RTT_ConfigDownBuffer
 .text.SEGGER_SYSVIEW_Init
                0x08007d64       0x64 ./Middlewares/Third_Party/Segger/SEGGER_SYSVIEW.o
                0x08007d64                SEGGER_SYSVIEW_Init
 .text.SEGGER_SYSVIEW_SetRAMBase
                0x08007dc8        0xc ./Middlewares/Third_Party/Segger/SEGGER_SYSVIEW.o
                0x08007dc8                SEGGER_SYSVIEW_SetRAMBase
 .text.SEGGER_SYSVIEW_ShrinkId
                0x08007dd4        0xc ./Middlewares/Third_Party/Segger/SEGGER_SYSVIEW.o
                0x08007dd4                SEGGER_SYSVIEW_ShrinkId
 .text.SEGGER_SYSVIEW_SendNumModules
                0x08007de0       0x44 ./Middlewares/Third_Party/Segger/SEGGER_SYSVIEW.o
                0x08007de0                SEGGER_SYSVIEW_SendNumModules
 .text.SEGGER_SYSVIEW_Start
                0x08007e24       0xcc ./Middlewares/Third_Party/Segger/SEGGER_SYSVIEW.o
                0x08007e24                SEGGER_SYSVIEW_Start
 .text._HandleIncomingPacket
                0x08007ef0       0xd8 ./Middlewares/Third_Party/Segger/SEGGER_SYSVIEW.o
 .text._SendPacket
                0x08007fc8      0x1d8 ./Middlewares/Third_Party/Segger/SEGGER_SYSVIEW.o
 .text.SEGGER_SYSVIEW_RecordU32
                0x080081a0       0x3c ./Middlewares/Third_Party/Segger/SEGGER_SYSVIEW.o
                0x080081a0                SEGGER_SYSVIEW_RecordU32
 .text.SEGGER_SYSVIEW_RecordU32x2
                0x080081dc       0x58 ./Middlewares/Third_Party/Segger/SEGGER_SYSVIEW.o
                0x080081dc                SEGGER_SYSVIEW_RecordU32x2
 .text.SEGGER_SYSVIEW_RecordSystime
                0x08008234       0x34 ./Middlewares/Third_Party/Segger/SEGGER_SYSVIEW.o
                0x08008234                SEGGER_SYSVIEW_RecordSystime
 .text.SEGGER_SYSVIEW_GetSysDesc
                0x08008268       0x80 ./Middlewares/Third_Party/Segger/SEGGER_SYSVIEW.o
                0x08008268                SEGGER_SYSVIEW_GetSysDesc
 .text.SEGGER_SYSVIEW_SendTaskInfo
                0x080082e8      0x108 ./Middlewares/Third_Party/Segger/SEGGER_SYSVIEW.o
                0x080082e8                SEGGER_SYSVIEW_SendTaskInfo
 .text.SEGGER_SYSVIEW_SendSysDesc
                0x080083f0       0x54 ./Middlewares/Third_Party/Segger/SEGGER_SYSVIEW.o
                0x080083f0                SEGGER_SYSVIEW_SendSysDesc
 .text.SEGGER_SYSVIEW_RecordEnterISR
                0x08008444       0x4c ./Middlewares/Third_Party/Segger/SEGGER_SYSVIEW.o
                0x08008444                SEGGER_SYSVIEW_RecordEnterISR
 .text.SEGGER_SYSVIEW_RecordExitISR
                0x08008490       0x24 ./Middlewares/Third_Party/Segger/SEGGER_SYSVIEW.o
                0x08008490                SEGGER_SYSVIEW_RecordExitISR
 .text.SEGGER_SYSVIEW_OnIdle
                0x080084b4       0x24 ./Middlewares/Third_Party/Segger/SEGGER_SYSVIEW.o
                0x080084b4                SEGGER_SYSVIEW_OnIdle
 .text.SEGGER_SYSVIEW_OnTaskCreate
                0x080084d8       0x44 ./Middlewares/Third_Party/Segger/SEGGER_SYSVIEW.o
                0x080084d8                SEGGER_SYSVIEW_OnTaskCreate
 .text.SEGGER_SYSVIEW_OnTaskStartExec
                0x0800851c       0x44 ./Middlewares/Third_Party/Segger/SEGGER_SYSVIEW.o
                0x0800851c                SEGGER_SYSVIEW_OnTaskStartExec
 .text.SEGGER_SYSVIEW_OnTaskStartReady
                0x08008560       0x44 ./Middlewares/Third_Party/Segger/SEGGER_SYSVIEW.o
                0x08008560                SEGGER_SYSVIEW_OnTaskStartReady
 .text.SEGGER_SYSVIEW_SendModule
                0x080085a4       0xb8 ./Middlewares/Third_Party/Segger/SEGGER_SYSVIEW.o
                0x080085a4                SEGGER_SYSVIEW_SendModule
 .text._VPrintHost.isra.0
                0x0800865c      0x12c ./Middlewares/Third_Party/Segger/SEGGER_SYSVIEW.o
 .text.SEGGER_SYSVIEW_PrintfHost
                0x08008788       0x20 ./Middlewares/Third_Party/Segger/SEGGER_SYSVIEW.o
                0x08008788                SEGGER_SYSVIEW_PrintfHost
 .text.SEGGER_SYSVIEW_Warn
                0x080087a8       0x58 ./Middlewares/Third_Party/Segger/SEGGER_SYSVIEW.o
                0x080087a8                SEGGER_SYSVIEW_Warn
 .text._cbSendSystemDesc
                0x08008800       0x1c ./Middlewares/Third_Party/Segger/SEGGER_SYSVIEW_Config_FreeRTOS.o
 .text.SEGGER_SYSVIEW_Conf
                0x0800881c       0x28 ./Middlewares/Third_Party/Segger/SEGGER_SYSVIEW_Config_FreeRTOS.o
                0x0800881c                SEGGER_SYSVIEW_Conf
 .text._cbGetTime
                0x08008844       0x10 ./Middlewares/Third_Party/Segger/SEGGER_SYSVIEW_FreeRTOS.o
 .text._cbSendTaskList
                0x08008854       0x50 ./Middlewares/Third_Party/Segger/SEGGER_SYSVIEW_FreeRTOS.o
 .text.SYSVIEW_AddTask
                0x080088a4       0x7c ./Middlewares/Third_Party/Segger/SEGGER_SYSVIEW_FreeRTOS.o
                0x080088a4                SYSVIEW_AddTask
 .text.SYSVIEW_DeleteTask
                0x08008920       0x94 ./Middlewares/Third_Party/Segger/SEGGER_SYSVIEW_FreeRTOS.o
                0x08008920                SYSVIEW_DeleteTask
 .text.LSM6DSL_initialize
                0x080089b4       0xbc ./Sensors/AccelerationSensor/lsm6dsl.o
                0x080089b4                LSM6DSL_initialize
 .text.LSM6DSL_data_ready
                0x08008a70      0x140 ./Sensors/AccelerationSensor/lsm6dsl.o
                0x08008a70                LSM6DSL_data_ready
 .text.LSM6DSL_get_values
                0x08008bb0       0x20 ./Sensors/AccelerationSensor/lsm6dsl.o
                0x08008bb0                LSM6DSL_get_values
 .text.LPS22HB_initialize
                0x08008bd0       0xd4 ./Sensors/AirPressureSensor/lps22hb.o
                0x08008bd0                LPS22HB_initialize
 .text.LPS22HB_data_ready
                0x08008ca4       0x44 ./Sensors/AirPressureSensor/lps22hb.o
                0x08008ca4                LPS22HB_data_ready
 .text.HTS221_Get_Calibration_Values
                0x08008ce8       0xa8 ./Sensors/HumiditySensor/hts221.o
                0x08008ce8                HTS221_Get_Calibration_Values
 .text.HTS221_initialize
                0x08008d90       0xc0 ./Sensors/HumiditySensor/hts221.o
                0x08008d90                HTS221_initialize
 .text.HTS221_data_ready
                0x08008e50       0xd0 ./Sensors/HumiditySensor/hts221.o
                0x08008e50                HTS221_data_ready
 .text.LIS3MDL_initialize
                0x08008f20       0xd8 ./Sensors/MagnetometerSensor/lis3mdl.o
                0x08008f20                LIS3MDL_initialize
 .text.LIS3MDL_data_ready
                0x08008ff8       0xf0 ./Sensors/MagnetometerSensor/lis3mdl.o
                0x08008ff8                LIS3MDL_data_ready
 .text.LIS3MDL_get_values
                0x080090e8       0x28 ./Sensors/MagnetometerSensor/lis3mdl.o
                0x080090e8                LIS3MDL_get_values
 .text.VL53L0X_GetDeviceInfo
                0x08009110        0xc ./Sensors/ToFSensor/vl53l0x/vl53l0x_api.o
                0x08009110                VL53L0X_GetDeviceInfo
 .text.VL53L0X_SetDeviceMode
                0x0800911c       0x1c ./Sensors/ToFSensor/vl53l0x/vl53l0x_api.o
                0x0800911c                VL53L0X_SetDeviceMode
 .text.VL53L0X_SetMeasurementTimingBudgetMicroSeconds
                0x08009138        0x4 ./Sensors/ToFSensor/vl53l0x/vl53l0x_api.o
                0x08009138                VL53L0X_SetMeasurementTimingBudgetMicroSeconds
 .text.VL53L0X_GetVcselPulsePeriod
                0x0800913c        0x4 ./Sensors/ToFSensor/vl53l0x/vl53l0x_api.o
                0x0800913c                VL53L0X_GetVcselPulsePeriod
 .text.VL53L0X_SetSequenceStepEnable
                0x08009140       0xcc ./Sensors/ToFSensor/vl53l0x/vl53l0x_api.o
                0x08009140                VL53L0X_SetSequenceStepEnable
 .text.VL53L0X_GetSequenceStepEnables
                0x0800920c       0x44 ./Sensors/ToFSensor/vl53l0x/vl53l0x_api.o
                0x0800920c                VL53L0X_GetSequenceStepEnables
 .text.VL53L0X_GetSequenceStepTimeout
                0x08009250       0x3c ./Sensors/ToFSensor/vl53l0x/vl53l0x_api.o
                0x08009250                VL53L0X_GetSequenceStepTimeout
 .text.VL53L0X_GetInterMeasurementPeriodMilliSeconds
                0x0800928c       0x40 ./Sensors/ToFSensor/vl53l0x/vl53l0x_api.o
                0x0800928c                VL53L0X_GetInterMeasurementPeriodMilliSeconds
 .text.VL53L0X_GetXTalkCompensationEnable
                0x080092cc        0x8 ./Sensors/ToFSensor/vl53l0x/vl53l0x_api.o
                0x080092cc                VL53L0X_GetXTalkCompensationEnable
 .text.VL53L0X_SetLimitCheckEnable
                0x080092d4       0x94 ./Sensors/ToFSensor/vl53l0x/vl53l0x_api.o
                0x080092d4                VL53L0X_SetLimitCheckEnable
 .text.VL53L0X_GetLimitCheckEnable
                0x08009368       0x1c ./Sensors/ToFSensor/vl53l0x/vl53l0x_api.o
                0x08009368                VL53L0X_GetLimitCheckEnable
 .text.VL53L0X_SetLimitCheckValue
                0x08009384       0x5c ./Sensors/ToFSensor/vl53l0x/vl53l0x_api.o
                0x08009384                VL53L0X_SetLimitCheckValue
 .text.VL53L0X_GetLimitCheckValue
                0x080093e0       0x70 ./Sensors/ToFSensor/vl53l0x/vl53l0x_api.o
                0x080093e0                VL53L0X_GetLimitCheckValue
 .text.VL53L0X_GetDeviceParameters
                0x08009450       0xb0 ./Sensors/ToFSensor/vl53l0x/vl53l0x_api.o
                0x08009450                VL53L0X_GetDeviceParameters
 .text.VL53L0X_DataInit
                0x08009500      0x1cc ./Sensors/ToFSensor/vl53l0x/vl53l0x_api.o
                0x08009500                VL53L0X_DataInit
 .text.VL53L0X_PerformRefCalibration
                0x080096cc        0x8 ./Sensors/ToFSensor/vl53l0x/vl53l0x_api.o
                0x080096cc                VL53L0X_PerformRefCalibration
 .text.VL53L0X_CheckAndLoadInterruptSettings
                0x080096d4       0xac ./Sensors/ToFSensor/vl53l0x/vl53l0x_api.o
                0x080096d4                VL53L0X_CheckAndLoadInterruptSettings
 .text.VL53L0X_StartMeasurement
                0x08009780       0x94 ./Sensors/ToFSensor/vl53l0x/vl53l0x_api.o
                0x08009780                VL53L0X_StartMeasurement
 .text.VL53L0X_GetMeasurementDataReady
                0x08009814       0x54 ./Sensors/ToFSensor/vl53l0x/vl53l0x_api.o
                0x08009814                VL53L0X_GetMeasurementDataReady
 .text.VL53L0X_GetRangingMeasurementData
                0x08009868      0x130 ./Sensors/ToFSensor/vl53l0x/vl53l0x_api.o
                0x08009868                VL53L0X_GetRangingMeasurementData
 .text.VL53L0X_ClearInterruptMask
                0x08009998       0x5c ./Sensors/ToFSensor/vl53l0x/vl53l0x_api.o
                0x08009998                VL53L0X_ClearInterruptMask
 .text.VL53L0X_PerformSingleRangingMeasurement
                0x080099f4       0x48 ./Sensors/ToFSensor/vl53l0x/vl53l0x_api.o
                0x080099f4                VL53L0X_PerformSingleRangingMeasurement
 .text.VL53L0X_StaticInit
                0x08009a3c      0x1dc ./Sensors/ToFSensor/vl53l0x/vl53l0x_api.o
                0x08009a3c                VL53L0X_StaticInit
 .text.VL53L0X_get_offset_calibration_data_micro_meter
                0x08009c18       0x40 ./Sensors/ToFSensor/vl53l0x/vl53l0x_api_calibration.o
                0x08009c18                VL53L0X_get_offset_calibration_data_micro_meter
 .text.get_next_good_spad
                0x08009c58       0x54 ./Sensors/ToFSensor/vl53l0x/vl53l0x_api_calibration.o
                0x08009c58                get_next_good_spad
 .text.enable_ref_spads
                0x08009cac       0xe4 ./Sensors/ToFSensor/vl53l0x/vl53l0x_api_calibration.o
                0x08009cac                enable_ref_spads
 .text.perform_ref_signal_measurement
                0x08009d90       0x68 ./Sensors/ToFSensor/vl53l0x/vl53l0x_api_calibration.o
                0x08009d90                perform_ref_signal_measurement
 .text.VL53L0X_set_reference_spads
                0x08009df8       0xd0 ./Sensors/ToFSensor/vl53l0x/vl53l0x_api_calibration.o
                0x08009df8                VL53L0X_set_reference_spads
 .text.VL53L0X_perform_single_ref_calibration
                0x08009ec8       0x38 ./Sensors/ToFSensor/vl53l0x/vl53l0x_api_calibration.o
                0x08009ec8                VL53L0X_perform_single_ref_calibration
 .text.VL53L0X_ref_calibration_io
                0x08009f00       0xe8 ./Sensors/ToFSensor/vl53l0x/vl53l0x_api_calibration.o
                0x08009f00                VL53L0X_ref_calibration_io
 .text.VL53L0X_perform_phase_calibration
                0x08009fe8       0x98 ./Sensors/ToFSensor/vl53l0x/vl53l0x_api_calibration.o
                0x08009fe8                VL53L0X_perform_phase_calibration
 .text.VL53L0X_perform_ref_calibration
                0x0800a080       0x94 ./Sensors/ToFSensor/vl53l0x/vl53l0x_api_calibration.o
                0x0800a080                VL53L0X_perform_ref_calibration
 .text.VL53L0X_perform_ref_spad_management
                0x0800a114      0x2a4 ./Sensors/ToFSensor/vl53l0x/vl53l0x_api_calibration.o
                0x0800a114                VL53L0X_perform_ref_spad_management
 .text.VL53L0X_measurement_poll_for_completion
                0x0800a3b8       0x44 ./Sensors/ToFSensor/vl53l0x/vl53l0x_api_core.o
                0x0800a3b8                VL53L0X_measurement_poll_for_completion
 .text.VL53L0X_device_read_strobe
                0x0800a3fc       0x50 ./Sensors/ToFSensor/vl53l0x/vl53l0x_api_core.o
                0x0800a3fc                VL53L0X_device_read_strobe
 .text.VL53L0X_get_info_from_device
                0x0800a44c      0x57c ./Sensors/ToFSensor/vl53l0x/vl53l0x_api_core.o
                0x0800a44c                VL53L0X_get_info_from_device
 .text.get_sequence_step_timeout
                0x0800a9c8      0x164 ./Sensors/ToFSensor/vl53l0x/vl53l0x_api_core.o
                0x0800a9c8                get_sequence_step_timeout
 .text.set_sequence_step_timeout
                0x0800ab2c      0x194 ./Sensors/ToFSensor/vl53l0x/vl53l0x_api_core.o
                0x0800ab2c                set_sequence_step_timeout
 .text.VL53L0X_get_vcsel_pulse_period
                0x0800acc0       0x3c ./Sensors/ToFSensor/vl53l0x/vl53l0x_api_core.o
                0x0800acc0                VL53L0X_get_vcsel_pulse_period
 .text.VL53L0X_set_measurement_timing_budget_micro_seconds
                0x0800acfc       0xdc ./Sensors/ToFSensor/vl53l0x/vl53l0x_api_core.o
                0x0800acfc                VL53L0X_set_measurement_timing_budget_micro_seconds
 .text.VL53L0X_get_measurement_timing_budget_micro_seconds
                0x0800add8       0xdc ./Sensors/ToFSensor/vl53l0x/vl53l0x_api_core.o
                0x0800add8                VL53L0X_get_measurement_timing_budget_micro_seconds
 .text.VL53L0X_load_tuning_settings
                0x0800aeb4       0xcc ./Sensors/ToFSensor/vl53l0x/vl53l0x_api_core.o
                0x0800aeb4                VL53L0X_load_tuning_settings
 .text.VL53L0X_calc_dmax
                0x0800af80      0x14c ./Sensors/ToFSensor/vl53l0x/vl53l0x_api_core.o
                0x0800af80                VL53L0X_calc_dmax
 .text.VL53L0X_calc_sigma_estimate
                0x0800b0cc      0x2e8 ./Sensors/ToFSensor/vl53l0x/vl53l0x_api_core.o
                0x0800b0cc                VL53L0X_calc_sigma_estimate
 .text.VL53L0X_get_pal_range_status
                0x0800b3b4      0x248 ./Sensors/ToFSensor/vl53l0x/vl53l0x_api_core.o
                0x0800b3b4                VL53L0X_get_pal_range_status
 .text.VL53L0X_get_device_info
                0x0800b5fc       0xc4 ./Sensors/ToFSensor/vl53l0x/vl53l0x_api_strings.o
                0x0800b5fc                VL53L0X_get_device_info
 .text.VL53L0X_RdByte
                0x0800b6c0       0x58 ./Sensors/ToFSensor/vl53l0x/vl53l0x_tof.o
                0x0800b6c0                VL53L0X_RdByte
 .text.VL53L0X_WriteMulti
                0x0800b718       0x50 ./Sensors/ToFSensor/vl53l0x/vl53l0x_tof.o
                0x0800b718                VL53L0X_WriteMulti
 .text.VL53L0X_ReadMulti
                0x0800b768       0x5c ./Sensors/ToFSensor/vl53l0x/vl53l0x_tof.o
                0x0800b768                VL53L0X_ReadMulti
 .text.VL53L0X_RdWord
                0x0800b7c4       0x68 ./Sensors/ToFSensor/vl53l0x/vl53l0x_tof.o
                0x0800b7c4                VL53L0X_RdWord
 .text.VL53L0X_RdDWord
                0x0800b82c       0x68 ./Sensors/ToFSensor/vl53l0x/vl53l0x_tof.o
                0x0800b82c                VL53L0X_RdDWord
 .text.VL53L0X_WrByte
                0x0800b894       0x38 ./Sensors/ToFSensor/vl53l0x/vl53l0x_tof.o
                0x0800b894                VL53L0X_WrByte
 .text.VL53L0X_WrWord
                0x0800b8cc       0x3c ./Sensors/ToFSensor/vl53l0x/vl53l0x_tof.o
                0x0800b8cc                VL53L0X_WrWord
 .text.VL53L0X_UpdateByte
                0x0800b908       0x9c ./Sensors/ToFSensor/vl53l0x/vl53l0x_tof.o
                0x0800b908                VL53L0X_UpdateByte
 .text.VL53L0X_PollingDelay
                0x0800b9a4        0xc ./Sensors/ToFSensor/vl53l0x/vl53l0x_tof.o
                0x0800b9a4                VL53L0X_PollingDelay
 .text.SetupContinousIntMeasurement
                0x0800b9b0       0x8c ./Sensors/ToFSensor/vl53l0x.o
                0x0800b9b0                SetupContinousIntMeasurement
 .text.vl53l0x_initialize
                0x0800ba3c       0x84 ./Sensors/ToFSensor/vl53l0x.o
                0x0800ba3c                vl53l0x_initialize
 .text.VL53L0X_data_ready
                0x0800bac0       0x50 ./Sensors/ToFSensor/vl53l0x.o
                0x0800bac0                VL53L0X_data_ready
 .text.memcmp   0x0800bb10       0x20 C:/ST/STM32CubeIDE_1.19.0/STM32CubeIDE/plugins/com.st.stm32cube.ide.mcu.externaltools.gnu-tools-for-stm32.13.3.rel1.win32_1.0.0.202411081344/tools/bin/../lib/gcc/arm-none-eabi/13.3.1/../../../../arm-none-eabi/lib/thumb/v7e-m+fp/hard\libc_nano.a(libc_a-memcmp.o)
                0x0800bb10                memcmp
 .text.memset   0x0800bb30       0x10 C:/ST/STM32CubeIDE_1.19.0/STM32CubeIDE/plugins/com.st.stm32cube.ide.mcu.externaltools.gnu-tools-for-stm32.13.3.rel1.win32_1.0.0.202411081344/tools/bin/../lib/gcc/arm-none-eabi/13.3.1/../../../../arm-none-eabi/lib/thumb/v7e-m+fp/hard\libc_nano.a(libc_a-memset.o)
                0x0800bb30                memset
 .text._reclaim_reent
                0x0800bb40       0xbc C:/ST/STM32CubeIDE_1.19.0/STM32CubeIDE/plugins/com.st.stm32cube.ide.mcu.externaltools.gnu-tools-for-stm32.13.3.rel1.win32_1.0.0.202411081344/tools/bin/../lib/gcc/arm-none-eabi/13.3.1/../../../../arm-none-eabi/lib/thumb/v7e-m+fp/hard\libc_nano.a(libc_a-reent.o)
                0x0800bb40                _reclaim_reent
 .text.__libc_init_array
                0x0800bbfc       0x48 C:/ST/STM32CubeIDE_1.19.0/STM32CubeIDE/plugins/com.st.stm32cube.ide.mcu.externaltools.gnu-tools-for-stm32.13.3.rel1.win32_1.0.0.202411081344/tools/bin/../lib/gcc/arm-none-eabi/13.3.1/../../../../arm-none-eabi/lib/thumb/v7e-m+fp/hard\libc_nano.a(libc_a-init.o)
                0x0800bbfc                __libc_init_array
 .text.__retarget_lock_acquire_recursive
                0x0800bc44        0x2 C:/ST/STM32CubeIDE_1.19.0/STM32CubeIDE/plugins/com.st.stm32cube.ide.mcu.externaltools.gnu-tools-for-stm32.13.3.rel1.win32_1.0.0.202411081344/tools/bin/../lib/gcc/arm-none-eabi/13.3.1/../../../../arm-none-eabi/lib/thumb/v7e-m+fp/hard\libc_nano.a(libc_a-lock.o)
                0x0800bc44                __retarget_lock_acquire_recursive
 .text.__retarget_lock_release_recursive
                0x0800bc46        0x2 C:/ST/STM32CubeIDE_1.19.0/STM32CubeIDE/plugins/com.st.stm32cube.ide.mcu.externaltools.gnu-tools-for-stm32.13.3.rel1.win32_1.0.0.202411081344/tools/bin/../lib/gcc/arm-none-eabi/13.3.1/../../../../arm-none-eabi/lib/thumb/v7e-m+fp/hard\libc_nano.a(libc_a-lock.o)
                0x0800bc46                __retarget_lock_release_recursive
 .text.strcpy   0x0800bc48       0x10 C:/ST/STM32CubeIDE_1.19.0/STM32CubeIDE/plugins/com.st.stm32cube.ide.mcu.externaltools.gnu-tools-for-stm32.13.3.rel1.win32_1.0.0.202411081344/tools/bin/../lib/gcc/arm-none-eabi/13.3.1/../../../../arm-none-eabi/lib/thumb/v7e-m+fp/hard\libc_nano.a(libc_a-strcpy.o)
                0x0800bc48                strcpy
 .text.memcpy   0x0800bc58       0x1c C:/ST/STM32CubeIDE_1.19.0/STM32CubeIDE/plugins/com.st.stm32cube.ide.mcu.externaltools.gnu-tools-for-stm32.13.3.rel1.win32_1.0.0.202411081344/tools/bin/../lib/gcc/arm-none-eabi/13.3.1/../../../../arm-none-eabi/lib/thumb/v7e-m+fp/hard\libc_nano.a(libc_a-memcpy-stub.o)
                0x0800bc58                memcpy
 .text._free_r  0x0800bc74       0x94 C:/ST/STM32CubeIDE_1.19.0/STM32CubeIDE/plugins/com.st.stm32cube.ide.mcu.externaltools.gnu-tools-for-stm32.13.3.rel1.win32_1.0.0.202411081344/tools/bin/../lib/gcc/arm-none-eabi/13.3.1/../../../../arm-none-eabi/lib/thumb/v7e-m+fp/hard\libc_nano.a(libc_a-freer.o)
                0x0800bc74                _free_r
 .text.__malloc_lock
                0x0800bd08        0xc C:/ST/STM32CubeIDE_1.19.0/STM32CubeIDE/plugins/com.st.stm32cube.ide.mcu.externaltools.gnu-tools-for-stm32.13.3.rel1.win32_1.0.0.202411081344/tools/bin/../lib/gcc/arm-none-eabi/13.3.1/../../../../arm-none-eabi/lib/thumb/v7e-m+fp/hard\libc_nano.a(libc_a-mlock.o)
                0x0800bd08                __malloc_lock
 .text.__malloc_unlock
                0x0800bd14        0xc C:/ST/STM32CubeIDE_1.19.0/STM32CubeIDE/plugins/com.st.stm32cube.ide.mcu.externaltools.gnu-tools-for-stm32.13.3.rel1.win32_1.0.0.202411081344/tools/bin/../lib/gcc/arm-none-eabi/13.3.1/../../../../arm-none-eabi/lib/thumb/v7e-m+fp/hard\libc_nano.a(libc_a-mlock.o)
                0x0800bd14                __malloc_unlock
 *(.glue_7)
 .glue_7        0x0800bd20        0x0 linker stubs
 *(.glue_7t)
 .glue_7t       0x0800bd20        0x0 linker stubs
 *(.eh_frame)
 .eh_frame      0x0800bd20        0x0 C:/ST/STM32CubeIDE_1.19.0/STM32CubeIDE/plugins/com.st.stm32cube.ide.mcu.externaltools.gnu-tools-for-stm32.13.3.rel1.win32_1.0.0.202411081344/tools/bin/../lib/gcc/arm-none-eabi/13.3.1/thumb/v7e-m+fp/hard/crtbegin.o
 *(.init)
 .init          0x0800bd20        0x4 C:/ST/STM32CubeIDE_1.19.0/STM32CubeIDE/plugins/com.st.stm32cube.ide.mcu.externaltools.gnu-tools-for-stm32.13.3.rel1.win32_1.0.0.202411081344/tools/bin/../lib/gcc/arm-none-eabi/13.3.1/thumb/v7e-m+fp/hard/crti.o
                0x0800bd20                _init
 .init          0x0800bd24        0x8 C:/ST/STM32CubeIDE_1.19.0/STM32CubeIDE/plugins/com.st.stm32cube.ide.mcu.externaltools.gnu-tools-for-stm32.13.3.rel1.win32_1.0.0.202411081344/tools/bin/../lib/gcc/arm-none-eabi/13.3.1/thumb/v7e-m+fp/hard/crtn.o
 *(.fini)
 .fini          0x0800bd2c        0x4 C:/ST/STM32CubeIDE_1.19.0/STM32CubeIDE/plugins/com.st.stm32cube.ide.mcu.externaltools.gnu-tools-for-stm32.13.3.rel1.win32_1.0.0.202411081344/tools/bin/../lib/gcc/arm-none-eabi/13.3.1/thumb/v7e-m+fp/hard/crti.o
                0x0800bd2c                _fini
 .fini          0x0800bd30        0x8 C:/ST/STM32CubeIDE_1.19.0/STM32CubeIDE/plugins/com.st.stm32cube.ide.mcu.externaltools.gnu-tools-for-stm32.13.3.rel1.win32_1.0.0.202411081344/tools/bin/../lib/gcc/arm-none-eabi/13.3.1/thumb/v7e-m+fp/hard/crtn.o
                0x0800bd38                        . = ALIGN (0x4)
                0x0800bd38                        _etext = .

.vfp11_veneer   0x0800bd38        0x0
 .vfp11_veneer  0x0800bd38        0x0 linker stubs

.v4_bx          0x0800bd38        0x0
 .v4_bx         0x0800bd38        0x0 linker stubs

.iplt           0x0800bd38        0x0
 .iplt          0x0800bd38        0x0 C:/ST/STM32CubeIDE_1.19.0/STM32CubeIDE/plugins/com.st.stm32cube.ide.mcu.externaltools.gnu-tools-for-stm32.13.3.rel1.win32_1.0.0.202411081344/tools/bin/../lib/gcc/arm-none-eabi/13.3.1/thumb/v7e-m+fp/hard/crtbegin.o

.rodata         0x0800bd38      0x354
                0x0800bd38                        . = ALIGN (0x4)
 *(.rodata)
 *(.rodata*)
 .rodata.main.str1.4
                0x0800bd38      0x1d4 ./Core/Src/main.o
                                  0x6 (size before relaxing)
 .rodata.str1.4
                0x0800bf0c       0x54 ./Core/Src/main.o
 .rodata.I2C2available_attributes
                0x0800bf0c       0x10 ./Core/Src/main.o
                0x0800bf0c                I2C2available_attributes
 .rodata.HumidityTask_attributes
                0x0800bf1c       0x24 ./Core/Src/main.o
                0x0800bf1c                HumidityTask_attributes
 .rodata.BaroTask_attributes
                0x0800bf40       0x24 ./Core/Src/main.o
                0x0800bf40                BaroTask_attributes
 .rodata.ToFTask_attributes
                0x0800bf64       0x24 ./Core/Src/main.o
                0x0800bf64                ToFTask_attributes
 .rodata.MagnetoTask_attributes
                0x0800bf88       0x24 ./Core/Src/main.o
                0x0800bf88                MagnetoTask_attributes
 .rodata.IMUTask_attributes
                0x0800bfac       0x24 ./Core/Src/main.o
                0x0800bfac                IMUTask_attributes
 .rodata.defaultTask_attributes
                0x0800bfd0       0x24 ./Core/Src/main.o
                0x0800bfd0                defaultTask_attributes
 .rodata.HAL_GPIO_EXTI_Callback.str1.4
                0x0800bff4       0x24 ./Core/Src/stm32l4xx_it.o
 .rodata.MSIRangeTable
                0x0800bff4       0x30 ./Core/Src/system_stm32l4xx.o
                0x0800bff4                MSIRangeTable
 .rodata.APBPrescTable
                0x0800c024        0x8 ./Core/Src/system_stm32l4xx.o
                0x0800c024                APBPrescTable
 .rodata.AHBPrescTable
                0x0800c02c       0x10 ./Core/Src/system_stm32l4xx.o
                0x0800c02c                AHBPrescTable
 .rodata.UARTPrescTable
                0x0800c03c       0x18 ./Drivers/STM32L4xx_HAL_Driver/Src/stm32l4xx_hal_uart.o
                0x0800c03c                UARTPrescTable
 .rodata.denominator.0
                0x0800c054        0x8 ./Drivers/STM32L4xx_HAL_Driver/Src/stm32l4xx_hal_uart_ex.o
 .rodata.numerator.1
                0x0800c05c        0x8 ./Drivers/STM32L4xx_HAL_Driver/Src/stm32l4xx_hal_uart_ex.o
 .rodata.vTaskStartScheduler.str1.4
                0x0800c064        0x5 ./Middlewares/Third_Party/FreeRTOS/Source/tasks.o
 .rodata.prvCheckForValidListAndQueue.str1.4
                0x0800c064        0x5 ./Middlewares/Third_Party/FreeRTOS/Source/timers.o
 .rodata.xTimerCreateTimerTask.str1.4
                0x0800c064        0x8 ./Middlewares/Third_Party/FreeRTOS/Source/timers.o
 .rodata._DoInit.str1.4
                0x0800c064        0x9 ./Middlewares/Third_Party/Segger/SEGGER_RTT.o
 .rodata._aInitStr.0
                0x0800c064       0x11 ./Middlewares/Third_Party/Segger/SEGGER_RTT.o
 .rodata.SEGGER_SYSVIEW_Init.str1.4
                0x0800c075        0x8 ./Middlewares/Third_Party/Segger/SEGGER_SYSVIEW.o
 *fill*         0x0800c075        0x3 
 .rodata._abSync
                0x0800c078        0xa ./Middlewares/Third_Party/Segger/SEGGER_SYSVIEW.o
 .rodata._cbSendSystemDesc.str1.4
                0x0800c082       0x94 ./Middlewares/Third_Party/Segger/SEGGER_SYSVIEW_Config_FreeRTOS.o
 .rodata.SYSVIEW_AddTask.str1.4
                0x0800c082       0x58 ./Middlewares/Third_Party/Segger/SEGGER_SYSVIEW_FreeRTOS.o
 *fill*         0x0800c082        0x2 
 .rodata.SYSVIEW_X_OS_TraceAPI
                0x0800c084        0x8 ./Middlewares/Third_Party/Segger/SEGGER_SYSVIEW_FreeRTOS.o
                0x0800c084                SYSVIEW_X_OS_TraceAPI
 .rodata.VL53L0X_get_device_info.str1.4
                0x0800c08c       0x44 ./Sensors/ToFSensor/vl53l0x/vl53l0x_api_strings.o
                0x0800c0d0                        . = ALIGN (0x4)

.ARM.extab      0x0800c08c        0x0
                0x0800c08c                        . = ALIGN (0x4)
 *(.ARM.extab* .gnu.linkonce.armextab.*)
                0x0800c08c                        . = ALIGN (0x4)

.ARM            0x0800c08c        0x8
                0x0800c08c                        . = ALIGN (0x4)
                0x0800c08c                        __exidx_start = .
 *(.ARM.exidx*)
 .ARM.exidx     0x0800c08c        0x8 C:/ST/STM32CubeIDE_1.19.0/STM32CubeIDE/plugins/com.st.stm32cube.ide.mcu.externaltools.gnu-tools-for-stm32.13.3.rel1.win32_1.0.0.202411081344/tools/bin/../lib/gcc/arm-none-eabi/13.3.1/thumb/v7e-m+fp/hard\libgcc.a(_udivmoddi4.o)
                0x0800c094                        __exidx_end = .
                0x0800c094                        . = ALIGN (0x4)

.preinit_array  0x0800c094        0x0
                0x0800c094                        . = ALIGN (0x4)
                0x0800c094                        PROVIDE (__preinit_array_start = .)
 *(.preinit_array*)
                0x0800c094                        PROVIDE (__preinit_array_end = .)
                0x0800c094                        . = ALIGN (0x4)

.init_array     0x0800c094        0x4
                0x0800c094                        . = ALIGN (0x4)
                0x0800c094                        PROVIDE (__init_array_start = .)
 *(SORT_BY_NAME(.init_array.*))
 *(.init_array*)
 .init_array    0x0800c094        0x4 C:/ST/STM32CubeIDE_1.19.0/STM32CubeIDE/plugins/com.st.stm32cube.ide.mcu.externaltools.gnu-tools-for-stm32.13.3.rel1.win32_1.0.0.202411081344/tools/bin/../lib/gcc/arm-none-eabi/13.3.1/thumb/v7e-m+fp/hard/crtbegin.o
                0x0800c098                        PROVIDE (__init_array_end = .)
                0x0800c098                        . = ALIGN (0x4)

.fini_array     0x0800c098        0x4
                0x0800c098                        . = ALIGN (0x4)
                [!provide]                        PROVIDE (__fini_array_start = .)
 *(SORT_BY_NAME(.fini_array.*))
 *(.fini_array*)
 .fini_array    0x0800c098        0x4 C:/ST/STM32CubeIDE_1.19.0/STM32CubeIDE/plugins/com.st.stm32cube.ide.mcu.externaltools.gnu-tools-for-stm32.13.3.rel1.win32_1.0.0.202411081344/tools/bin/../lib/gcc/arm-none-eabi/13.3.1/thumb/v7e-m+fp/hard/crtbegin.o
                [!provide]                        PROVIDE (__fini_array_end = .)
                0x0800c09c                        . = ALIGN (0x4)
                0x0800c09c                        _sidata = LOADADDR (.data)

.rel.dyn        0x0800c09c        0x0
 .rel.iplt      0x0800c09c        0x0 C:/ST/STM32CubeIDE_1.19.0/STM32CubeIDE/plugins/com.st.stm32cube.ide.mcu.externaltools.gnu-tools-for-stm32.13.3.rel1.win32_1.0.0.202411081344/tools/bin/../lib/gcc/arm-none-eabi/13.3.1/thumb/v7e-m+fp/hard/crtbegin.o

.data           0x20000000      0x340 load address 0x0800c09c
                0x20000000                        . = ALIGN (0x4)
                0x20000000                        _sdata = .
 *(.data)
 *(.data*)
 .data.SystemCoreClock
                0x20000000        0x4 ./Core/Src/system_stm32l4xx.o
                0x20000000                SystemCoreClock
 .data.uwTickFreq
                0x20000004        0x1 ./Drivers/STM32L4xx_HAL_Driver/Src/stm32l4xx_hal.o
                0x20000004                uwTickFreq
 *fill*         0x20000005        0x3 
 .data.uwTickPrio
                0x20000008        0x4 ./Drivers/STM32L4xx_HAL_Driver/Src/stm32l4xx_hal.o
                0x20000008                uwTickPrio
 .data.uxCriticalNesting
                0x2000000c        0x4 ./Middlewares/Third_Party/FreeRTOS/Source/portable/GCC/ARM_CM4F/port.o
 .data.lsm6dsl_intcfg
                0x20000010        0x4 ./Sensors/AccelerationSensor/lsm6dsl.o
 .data.lsm6dsl_ctrl
                0x20000014        0xa ./Sensors/AccelerationSensor/lsm6dsl.o
 .data.lps22hb_intcfg
                0x2000001e        0x1 ./Sensors/AirPressureSensor/lps22hb.o
 *fill*         0x2000001f        0x1 
 .data.lps22hb_ctrl
                0x20000020        0x4 ./Sensors/AirPressureSensor/lps22hb.o
 .data.hts221_ctrl
                0x20000024        0x3 ./Sensors/HumiditySensor/hts221.o
 *fill*         0x20000027        0x1 
 .data.lis3mdl_intcfg
                0x20000028        0x4 ./Sensors/MagnetometerSensor/lis3mdl.o
 .data.lis3mdl_ctrl
                0x2000002c        0x5 ./Sensors/MagnetometerSensor/lis3mdl.o
 *fill*         0x20000031        0x3 
 .data.DefaultTuningSettings
                0x20000034       0xf3 ./Sensors/ToFSensor/vl53l0x/vl53l0x_api.o
                0x20000034                DefaultTuningSettings
 *fill*         0x20000127        0x1 
 .data.InterruptThresholdSettings
                0x20000128      0x1b6 ./Sensors/ToFSensor/vl53l0x/vl53l0x_api.o
                0x20000128                InterruptThresholdSettings
 *fill*         0x200002de        0x2 
 .data.refArrayQuadrants
                0x200002e0       0x10 ./Sensors/ToFSensor/vl53l0x/vl53l0x_api_calibration.o
                0x200002e0                refArrayQuadrants
 .data._impure_ptr
                0x200002f0        0x4 C:/ST/STM32CubeIDE_1.19.0/STM32CubeIDE/plugins/com.st.stm32cube.ide.mcu.externaltools.gnu-tools-for-stm32.13.3.rel1.win32_1.0.0.202411081344/tools/bin/../lib/gcc/arm-none-eabi/13.3.1/../../../../arm-none-eabi/lib/thumb/v7e-m+fp/hard\libc_nano.a(libc_a-impure.o)
                0x200002f0                _impure_ptr
 .data._impure_data
                0x200002f4       0x4c C:/ST/STM32CubeIDE_1.19.0/STM32CubeIDE/plugins/com.st.stm32cube.ide.mcu.externaltools.gnu-tools-for-stm32.13.3.rel1.win32_1.0.0.202411081344/tools/bin/../lib/gcc/arm-none-eabi/13.3.1/../../../../arm-none-eabi/lib/thumb/v7e-m+fp/hard\libc_nano.a(libc_a-impure.o)
                0x200002f4                _impure_data
 *(.RamFunc)
 *(.RamFunc*)
                0x20000340                        . = ALIGN (0x4)
                0x20000340                        _edata = .

.igot.plt       0x20000340        0x0 load address 0x0800c3dc
 .igot.plt      0x20000340        0x0 C:/ST/STM32CubeIDE_1.19.0/STM32CubeIDE/plugins/com.st.stm32cube.ide.mcu.externaltools.gnu-tools-for-stm32.13.3.rel1.win32_1.0.0.202411081344/tools/bin/../lib/gcc/arm-none-eabi/13.3.1/thumb/v7e-m+fp/hard/crtbegin.o
                0x20000340                        . = ALIGN (0x4)

.bss            0x20000340     0x4278 load address 0x0800c3dc
                0x20000340                        _sbss = .
                0x20000340                        __bss_start__ = _sbss
 *(.bss)
 .bss           0x20000340       0x1c C:/ST/STM32CubeIDE_1.19.0/STM32CubeIDE/plugins/com.st.stm32cube.ide.mcu.externaltools.gnu-tools-for-stm32.13.3.rel1.win32_1.0.0.202411081344/tools/bin/../lib/gcc/arm-none-eabi/13.3.1/thumb/v7e-m+fp/hard/crtbegin.o
 *(.bss*)
 .bss.I2C2availableHandle
                0x2000035c        0x4 ./Core/Src/main.o
                0x2000035c                I2C2availableHandle
 .bss.HumidityTaskHandle
                0x20000360        0x4 ./Core/Src/main.o
                0x20000360                HumidityTaskHandle
 .bss.BaroTaskHandle
                0x20000364        0x4 ./Core/Src/main.o
                0x20000364                BaroTaskHandle
 .bss.ToFTaskHandle
                0x20000368        0x4 ./Core/Src/main.o
                0x20000368                ToFTaskHandle
 .bss.MagnetoTaskHandle
                0x2000036c        0x4 ./Core/Src/main.o
                0x2000036c                MagnetoTaskHandle
 .bss.IMUTaskHandle
                0x20000370        0x4 ./Core/Src/main.o
                0x20000370                IMUTaskHandle
 .bss.defaultTaskHandle
                0x20000374        0x4 ./Core/Src/main.o
                0x20000374                defaultTaskHandle
 .bss.LIS3MDL_filtered_values
                0x20000378       0x10 ./Core/Src/main.o
                0x20000378                LIS3MDL_filtered_values
 .bss.LSM6DSL_filtered_values
                0x20000388       0x1c ./Core/Src/main.o
                0x20000388                LSM6DSL_filtered_values
 .bss.hdma_usart1_tx
                0x200003a4       0x60 ./Core/Src/main.o
                0x200003a4                hdma_usart1_tx
 .bss.hdma_usart1_rx
                0x20000404       0x60 ./Core/Src/main.o
                0x20000404                hdma_usart1_rx
 *fill*         0x20000464        0x4 
 .bss.huart1    0x20000468       0x94 ./Core/Src/main.o
                0x20000468                huart1
 .bss.hdma_i2c2_tx
                0x200004fc       0x60 ./Core/Src/main.o
                0x200004fc                hdma_i2c2_tx
 .bss.hdma_i2c2_rx
                0x2000055c       0x60 ./Core/Src/main.o
                0x2000055c                hdma_i2c2_rx
 .bss.hi2c2     0x200005bc       0x54 ./Core/Src/main.o
                0x200005bc                hi2c2
 .bss.htim17    0x20000610       0x4c ./Core/Src/stm32l4xx_hal_timebase_tim.o
                0x20000610                htim17
 .bss.uwTick    0x2000065c        0x4 ./Drivers/STM32L4xx_HAL_Driver/Src/stm32l4xx_hal.o
                0x2000065c                uwTick
 .bss.prev_filtered_mag
                0x20000660       0x10 ./Filter/filter.o
 .bss.prev_filtered_imu
                0x20000670       0x1c ./Filter/filter.o
 .bss.Timer_Stack.0
                0x2000068c      0x400 ./Middlewares/Third_Party/FreeRTOS/Source/CMSIS_RTOS_V2/cmsis_os2.o
 .bss.Timer_TCB.1
                0x20000a8c       0xac ./Middlewares/Third_Party/FreeRTOS/Source/CMSIS_RTOS_V2/cmsis_os2.o
 .bss.Idle_Stack.2
                0x20000b38      0x200 ./Middlewares/Third_Party/FreeRTOS/Source/CMSIS_RTOS_V2/cmsis_os2.o
 .bss.Idle_TCB.3
                0x20000d38       0xac ./Middlewares/Third_Party/FreeRTOS/Source/CMSIS_RTOS_V2/cmsis_os2.o
 .bss.KernelState
                0x20000de4        0x4 ./Middlewares/Third_Party/FreeRTOS/Source/CMSIS_RTOS_V2/cmsis_os2.o
 .bss.xQueueRegistry
                0x20000de8       0x40 ./Middlewares/Third_Party/FreeRTOS/Source/queue.o
                0x20000de8                xQueueRegistry
 .bss.ulTaskSwitchedInTime
                0x20000e28        0x4 ./Middlewares/Third_Party/FreeRTOS/Source/tasks.o
 .bss.uxSchedulerSuspended
                0x20000e2c        0x4 ./Middlewares/Third_Party/FreeRTOS/Source/tasks.o
 .bss.xNextTaskUnblockTime
                0x20000e30        0x4 ./Middlewares/Third_Party/FreeRTOS/Source/tasks.o
 .bss.uxTaskNumber
                0x20000e34        0x4 ./Middlewares/Third_Party/FreeRTOS/Source/tasks.o
 .bss.xNumOfOverflows
                0x20000e38        0x4 ./Middlewares/Third_Party/FreeRTOS/Source/tasks.o
 .bss.xYieldPending
                0x20000e3c        0x4 ./Middlewares/Third_Party/FreeRTOS/Source/tasks.o
 .bss.xPendedTicks
                0x20000e40        0x4 ./Middlewares/Third_Party/FreeRTOS/Source/tasks.o
 .bss.xSchedulerRunning
                0x20000e44        0x4 ./Middlewares/Third_Party/FreeRTOS/Source/tasks.o
 .bss.uxTopReadyPriority
                0x20000e48        0x4 ./Middlewares/Third_Party/FreeRTOS/Source/tasks.o
 .bss.xTickCount
                0x20000e4c        0x4 ./Middlewares/Third_Party/FreeRTOS/Source/tasks.o
 .bss.uxCurrentNumberOfTasks
                0x20000e50        0x4 ./Middlewares/Third_Party/FreeRTOS/Source/tasks.o
 .bss.xSuspendedTaskList
                0x20000e54       0x14 ./Middlewares/Third_Party/FreeRTOS/Source/tasks.o
 .bss.uxDeletedTasksWaitingCleanUp
                0x20000e68        0x4 ./Middlewares/Third_Party/FreeRTOS/Source/tasks.o
 .bss.xTasksWaitingTermination
                0x20000e6c       0x14 ./Middlewares/Third_Party/FreeRTOS/Source/tasks.o
 .bss.xPendingReadyList
                0x20000e80       0x14 ./Middlewares/Third_Party/FreeRTOS/Source/tasks.o
 .bss.pxOverflowDelayedTaskList
                0x20000e94        0x4 ./Middlewares/Third_Party/FreeRTOS/Source/tasks.o
 .bss.pxDelayedTaskList
                0x20000e98        0x4 ./Middlewares/Third_Party/FreeRTOS/Source/tasks.o
 .bss.xDelayedTaskList2
                0x20000e9c       0x14 ./Middlewares/Third_Party/FreeRTOS/Source/tasks.o
 .bss.xDelayedTaskList1
                0x20000eb0       0x14 ./Middlewares/Third_Party/FreeRTOS/Source/tasks.o
 .bss.pxReadyTasksLists
                0x20000ec4      0x460 ./Middlewares/Third_Party/FreeRTOS/Source/tasks.o
 .bss.pxCurrentTCB
                0x20001324        0x4 ./Middlewares/Third_Party/FreeRTOS/Source/tasks.o
                0x20001324                pxCurrentTCB
 .bss.xStaticTimerQueue.0
                0x20001328       0x50 ./Middlewares/Third_Party/FreeRTOS/Source/timers.o
 .bss.ucStaticTimerQueueStorage.1
                0x20001378       0xa0 ./Middlewares/Third_Party/FreeRTOS/Source/timers.o
 .bss.xLastTime.2
                0x20001418        0x4 ./Middlewares/Third_Party/FreeRTOS/Source/timers.o
 .bss.xTimerTaskHandle
                0x2000141c        0x4 ./Middlewares/Third_Party/FreeRTOS/Source/timers.o
 .bss.xTimerQueue
                0x20001420        0x4 ./Middlewares/Third_Party/FreeRTOS/Source/timers.o
 .bss.pxOverflowTimerList
                0x20001424        0x4 ./Middlewares/Third_Party/FreeRTOS/Source/timers.o
 .bss.pxCurrentTimerList
                0x20001428        0x4 ./Middlewares/Third_Party/FreeRTOS/Source/timers.o
 .bss.xActiveTimerList2
                0x2000142c       0x14 ./Middlewares/Third_Party/FreeRTOS/Source/timers.o
 .bss.xActiveTimerList1
                0x20001440       0x14 ./Middlewares/Third_Party/FreeRTOS/Source/timers.o
 .bss.ulMaxPRIGROUPValue